2026-04-19 18:38:56.113   762-2096  ActivityManager         system_server                        I  Process com.google.android.inputmethod.latin (pid 27366) has died: prcp IMPB
2026-04-19 18:38:56.114   762-2096  ActivityManager         system_server                        W  Scheduling restart of crashed service com.google.android.inputmethod.latin/com.android.inputmethod.latin.LatinIME in 30000ms for connection
2026-04-19 18:38:56.117   762-2575  WindowManager           system_server                        I  WIN DEATH: Window{4a6f5e9 u0 InputMethod}
2026-04-19 18:38:56.124   762-807   ActivityManager         system_server                        W  setHasOverlayUi called on unknown pid: 27366
2026-04-19 18:38:56.128 27728-27977 ClearcutMetricXmitter   com...d.googlequicksearchbox:search  V  Transmission is done.
2026-04-19 18:38:56.128   224-224   lowmemorykiller         lmkd                                 I  Kill 'com.google.android.adservices.api' (28137), uid 10211, oom_score_adj 905 to free 88452kB rss, 35104kB swap; reason: min watermark is breached even after kill
2026-04-19 18:38:56.129   526-526   adbd                    adbd                                 I  Remote process closed the socket (on MSG_PEEK)
2026-04-19 18:38:56.131   450-450   Zygote                  zygote64                             I  Process 27366 exited due to signal 9 (Killed)
2026-04-19 18:38:56.133   762-1008  system_server           system_server                        I  AssetManager2(0x7921f10c5b98) locale list changing from [] to [en-US]
2026-04-19 18:38:56.140 28136-28215 Finsky                  com.android.vending                  I  [88] acmy.g(187): Finished reading experiment flags from file [0tGUNCGIkbk4o6-fQ335kUYSKwVj4lusnHT-A5Dsy08] numFlags=2065.
2026-04-19 18:38:56.143   762-1023  ConnectivityService     system_server                        D  releasing NetworkRequest [ REQUEST id=710, [ Capabilities: INTERNET&NOT_RESTRICTED&TRUSTED&NOT_VCN_MANAGED&NOT_BANDWIDTH_CONSTRAINED Uid: 10157 RequestorUid: 10157 RequestorPkg: com.google.android.inputmethod.latin UnderlyingNetworks: Null] ] (release request)
2026-04-19 18:38:56.151   762-1023  InetDiagMessage         system_server                        D  Destroyed 0 sockets, proto=IPPROTO_TCP, family=AF_INET, states=14
2026-04-19 18:38:56.155   762-1023  InetDiagMessage         system_server                        D  Destroyed 0 sockets, proto=IPPROTO_TCP, family=AF_INET6, states=14
2026-04-19 18:38:56.158   762-1023  InetDiagMessage         system_server                        D  Destroyed live tcp sockets for uids={10157} in 14ms
2026-04-19 18:38:56.163   762-1023  InetDiagMessage         system_server                        D  Destroyed 0 sockets, proto=IPPROTO_TCP, family=AF_INET, states=14
2026-04-19 18:38:56.167   762-1023  InetDiagMessage         system_server                        D  Destroyed 0 sockets, proto=IPPROTO_TCP, family=AF_INET6, states=14
2026-04-19 18:38:56.171   762-1023  InetDiagMessage         system_server                        D  Destroyed live tcp sockets for uids={20157} in 10ms
2026-04-19 18:38:56.171   762-762   IPCThreadState          system_server                        E  Binder transaction failure. id: 915822, BR_*: 29189, error: -22 (Invalid argument)
2026-04-19 18:38:56.172   762-762   ActivityManager         system_server                        W  pid 762 system sent binder code 7 with flags 1 to frozen apps and got error -32
2026-04-19 18:38:56.174   762-762   ActivityManager         system_server                        D  Too many transaction errors, throttling freezer binder callback.
2026-04-19 18:38:56.176   762-816   libprocessgroup         system_server                        I  Removed cgroup /sys/fs/cgroup/apps/uid_10094/pid_27637
2026-04-19 18:38:56.176   762-2246  ActivityManager         system_server                        I  Process com.google.android.adservices.api (pid 28137) has died: cch+5 CEM
2026-04-19 18:38:56.176   762-816   libprocessgroup         system_server                        I  Removed cgroup /sys/fs/cgroup/apps/uid_10157/pid_27366
2026-04-19 18:38:56.177   450-450   Zygote                  zygote64                             I  Process 28137 exited due to signal 9 (Killed)
2026-04-19 18:38:56.178   762-1023  ConnectivityService     system_server                        D  releasing NetworkRequest [ REQUEST id=707, [ Capabilities: INTERNET&NOT_RESTRICTED&TRUSTED&NOT_VCN_MANAGED&NOT_BANDWIDTH_CONSTRAINED Uid: 10157 RequestorUid: 10157 RequestorPkg: com.google.android.inputmethod.latin UnderlyingNetworks: Null] ] (release request)
2026-04-19 18:38:56.181 27728-28082 ahbb                    com...d.googlequicksearchbox:search  E  (REDACTED) Hotword file group is null with group name: %s, locale: %s
2026-04-19 18:38:56.181   762-762   InputMetho...gerService system_server                        W  Session failed to close due to remote exception (Fix with AI)
                                                                                                    android.os.DeadObjectException
                                                                                                    	at android.os.BinderProxy.transactNative(Native Method)
                                                                                                    	at android.os.BinderProxy.transact(BinderProxy.java:592)
                                                                                                    	at com.android.internal.inputmethod.IInputMethodSession$Stub$Proxy.finishSession(IInputMethodSession.java:360)
                                                                                                    	at com.android.server.inputmethod.InputMethodManagerService.finishSessionLocked(InputMethodManagerService.java:2587)
                                                                                                    	at com.android.server.inputmethod.InputMethodManagerService.clearClientSessionLocked(InputMethodManagerService.java:2559)
                                                                                                    	at com.android.server.inputmethod.InputMethodManagerService.lambda$clearClientSessionsLocked$10(InputMethodManagerService.java:2630)
                                                                                                    	at com.android.server.inputmethod.InputMethodManagerService.$r8$lambda$lV4X0NWkmvwKMJD9qmfCJr7nTdI(InputMethodManagerService.java:0)
                                                                                                    	at com.android.server.inputmethod.InputMethodManagerService$$ExternalSyntheticLambda16.accept(R8$$SyntheticClass:0)
                                                                                                    	at com.android.server.inputmethod.ClientController.forAllClients(ClientController.java:134)
                                                                                                    	at com.android.server.inputmethod.InputMethodManagerService.clearClientSessionsLocked(InputMethodManagerService.java:2634)
                                                                                                    	at com.android.server.inputmethod.InputMethodBindingController.clearCurMethodAndSessions(InputMethodBindingController.java:515)
                                                                                                    	at com.android.server.inputmethod.InputMethodBindingController.-$$Nest$mclearCurMethodAndSessions(InputMethodBindingController.java:0)
                                                                                                    	at com.android.server.inputmethod.InputMethodBindingController$2.onServiceDisconnected(InputMethodBindingController.java:466)
                                                                                                    	at android.app.LoadedApk$ServiceDispatcher.doDeath(LoadedApk.java:2255)
                                                                                                    	at android.app.LoadedApk$ServiceDispatcher$RunConnection.run(LoadedApk.java:2270)
                                                                                                    	at android.os.Handler.handleCallback(Handler.java:995)
                                                                                                    	at android.os.Handler.dispatchMessage(Handler.java:103)
                                                                                                    	at android.os.Looper.loopOnce(Looper.java:248)
                                                                                                    	at android.os.Looper.loop(Looper.java:338)
                                                                                                    	at com.android.server.SystemServer.run(SystemServer.java:1036)
                                                                                                    	at com.android.server.SystemServer.main(SystemServer.java:689)
                                                                                                    	at java.lang.reflect.Method.invoke(Native Method)
                                                                                                    	at com.android.internal.os.RuntimeInit$MethodAndArgsCaller.run(RuntimeInit.java:593)
                                                                                                    	at com.android.internal.os.ZygoteInit.main(ZygoteInit.java:910)
2026-04-19 18:38:56.201   762-972   InputDispatcher         system_server                        W  channel 'stylus-handwriting-event-receiver-0' ~ Consumer closed input channel or an error occurred.  events=0x9
2026-04-19 18:38:56.201   762-972   InputDispatcher         system_server                        E  channel 'stylus-handwriting-event-receiver-0' ~ Channel is unrecoverably broken and will be disposed!
2026-04-19 18:38:56.218 21827-21843 WearableService         com.google.android.gms.persistent    W  onGetService: Wear is not available on this device.
2026-04-19 18:38:56.219   762-816   libprocessgroup         system_server                        I  Removed cgroup /sys/fs/cgroup/apps/uid_10211/pid_28137
2026-04-19 18:38:56.244 21827-27860 NetworkScheduler.Stats  com.google.android.gms.persistent    I  (REDACTED) Task %s/%s started execution. cause:%s exec_start_elapsed_seconds: %s
2026-04-19 18:38:56.251 28136-28215 Finsky                  com.android.vending                  I  [88] acmy.g(187): Finished reading experiment flags from file [Se-xCc4LzNyh3UrKMIU2sUf-PUKz4oQEbpKZDMuaFno] numFlags=2295.
2026-04-19 18:38:56.255 27368-27591 ashmem                  com.google.android.gms               E  Pinning is deprecated since Android Q. Please use trim or other methods.
2026-04-19 18:38:56.262 27728-27747 HotwordService          com...d.googlequicksearchbox:search  I  (REDACTED) Model ID: %s
2026-04-19 18:38:56.263 27728-27747 HotwordService          com...d.googlequicksearchbox:search  I  (REDACTED) hotwordModelLocation is null %b, locale is %s, re-mapped Chinese locale %s
2026-04-19 18:38:56.264 27728-27747 HotwordService          com...d.googlequicksearchbox:search  I  (REDACTED) isOpaEligibleAndUserEnabled: %b
2026-04-19 18:38:56.272 27382-27796 esfa                    com...oglequicksearchbox:interactor  I  HotwordInformation fetch will try to save hotword model.
2026-04-19 18:38:56.274 27728-27973 achz                    com...d.googlequicksearchbox:search  W  (REDACTED) Client : %s has no associated SessionController
2026-04-19 18:38:56.276 27382-27796 esfa                    com...oglequicksearchbox:interactor  E  (REDACTED) Hotword model location is null, isAlwaysOnEnabled : %b, isFromAnyScreenEnabled : %b
2026-04-19 18:38:56.283 27382-27796 esfa                    com...oglequicksearchbox:interactor  I  onSuccess getHotwordInformation
2026-04-19 18:38:56.297 28138-28138 Analytics               com.google.android.tts               I  Running on TYPE_PHONE
2026-04-19 18:38:56.305 27325-27708 OneSearchS...stProvider com...le.android.apps.nexuslauncher  D  Created the binder channel successfully for end point service =com.google.android.apps.search.googleapp.search.suggest.plugins.onesearch.server.OneSearchSuggestService , mChannel=k1{delegate=e{logId=1, target=directaddress:///AndroidComponentAddress%5BIntent%20%7B%20act=grpc.io.action.BIND%20cmp=com.google.android.googlequicksearchbox/com.google.android.apps.search.googleapp.search.suggest.plugins.onesearch.server.OneSearchSuggestService%20%7D%5D}} , mOneSearchConnection=M2.Z@9308787
2026-04-19 18:38:56.307 28138-28138 frv                     com.google.android.tts               I  SslGuard completed installation.
2026-04-19 18:38:56.318 28138-28138 NativeLibraryLoader     com.google.android.tts               I  Beginning load of tts_android...
2026-04-19 18:38:56.325 27382-27658 bbax                    com...oglequicksearchbox:interactor  I  (REDACTED) setHotwordVoiceLocale: prev: %s, new: %s
2026-04-19 18:38:56.326 27382-27658 bbax                    com...oglequicksearchbox:interactor  I  (REDACTED) setting VM enrollment allowed: %b
2026-04-19 18:38:56.326 27382-27658 bbax                    com...oglequicksearchbox:interactor  I  (REDACTED) setting speaker ID model presence: %b
2026-04-19 18:38:56.326 27382-27658 bbax                    com...oglequicksearchbox:interactor  I  (REDACTED) setting hotword model of size: %d bytes
2026-04-19 18:38:56.333 27382-27658 bbax                    com...oglequicksearchbox:interactor  I  (REDACTED) setting speaker id present: %b
2026-04-19 18:38:56.334 27382-27658 bbax                    com...oglequicksearchbox:interactor  I  (REDACTED) setting speaker ID model presence: %b
2026-04-19 18:38:56.334 27382-27658 bbax                    com...oglequicksearchbox:interactor  I  (REDACTED) setting VM enrollment status: %b
2026-04-19 18:38:56.334 27382-27658 bbax                    com...oglequicksearchbox:interactor  I  (REDACTED) setting phone hotword opt-in: %s
2026-04-19 18:38:56.334   762-1095  Background...rolService system_server                        D  Package event received: 0
2026-04-19 18:38:56.342   762-1095  Background...rolService system_server                        D  Package event received: 0
2026-04-19 18:38:56.389 27368-27451 fkev                    com.google.android.gms               I  (REDACTED) Shared storage file not found for %s
2026-04-19 18:38:56.399 27728-27728 fnwz                    com...d.googlequicksearchbox:search  I  (REDACTED) Created gRPC endpoint for service %s
2026-04-19 18:38:56.400 21827-21838 SQLiteConnectionPool    com.google.android.gms.persistent    W  A SQLiteConnection object for database '/data/user/0/com.google.android.gms/databases/metadata.db' was leaked!  Please fix your application to end transactions in progress properly and to close the database when it is no longer needed.
2026-04-19 18:38:56.400 21827-21838 System                  com.google.android.gms.persistent    W  A resource failed to call SQLiteConnection.close.
2026-04-19 18:38:56.422 28136-28241 CompatChangeReporter    com.android.vending                  D  Compat change id reported: 312399441; UID 10143; state: ENABLED
2026-04-19 18:38:56.426  8820-8888  .apps.wellbeing         com.google.android.apps.wellbeing    I  AssetManager2(0x7921f1046938) locale list changing from [] to [en-US]
2026-04-19 18:38:56.472 21827-21907 VerdictProvider         com.google.android.gms.persistent    W  failed to get decision from server [hubg{code=DEADLINE_EXCEEDED, description=CallOptions deadline exceeded after 29.819434298s. Name resolution delay 0.106558593 seconds. [closed=[], open=[[buffered_nanos=29822657231, waiting_for_connection]]], cause=null}] [CONTEXT service_id=257 ] (Fix with AI)
                                                                                                    hubh: DEADLINE_EXCEEDED: CallOptions deadline exceeded after 29.819434298s. Name resolution delay 0.106558593 seconds. [closed=[], open=[[buffered_nanos=29822657231, waiting_for_connection]]]
                                                                                                    	at aziz.s(:com.google.android.gms@252635038@25.26.35 (260800-783060121):31)
                                                                                                    	at aziz.e(:com.google.android.gms@252635038@25.26.35 (260800-783060121):55)
                                                                                                    	at brfi.a(:com.google.android.gms@252635038@25.26.35 (260800-783060121):678)
                                                                                                    	at azig.call(:com.google.android.gms@252635038@25.26.35 (260800-783060121):3)
                                                                                                    	at java.util.concurrent.FutureTask.run(FutureTask.java:317)
                                                                                                    	at azpj.c(:com.google.android.gms@252635038@25.26.35 (260800-783060121):50)
                                                                                                    	at azpj.run(:com.google.android.gms@252635038@25.26.35 (260800-783060121):89)
                                                                                                    	at java.util.concurrent.ThreadPoolExecutor.runWorker(ThreadPoolExecutor.java:1156)
                                                                                                    	at java.util.concurrent.ThreadPoolExecutor$Worker.run(ThreadPoolExecutor.java:651)
                                                                                                    	at azva.run(:com.google.android.gms@252635038@25.26.35 (260800-783060121):8)
                                                                                                    	at java.lang.Thread.run(Thread.java:1119)
2026-04-19 18:38:56.482 21827-21907 UdevsVerdict            com.google.android.gms.persistent    W  unable to provide verdict [CONTEXT service_id=257 ]
2026-04-19 18:38:56.505 21827-26863 IPCThreadState          com.google.android.gms.persistent    E  Binder transaction failure. id: 916695, BR_*: 29189, error: -22 (Invalid argument)
2026-04-19 18:38:56.507   762-1964  ActivityManager         system_server                        W  pid 21827 com.google.android.gms.persistent sent binder code 1 with flags 1 to frozen apps and got error -32
2026-04-19 18:38:56.507   762-1964  ActivityManager         system_server                        D  Too many transaction errors, throttling freezer binder callback.
2026-04-19 18:38:56.533 21827-21907 VerdictProvider         com.google.android.gms.persistent    W  response is invalid 3 [CONTEXT service_id=257 ]
2026-04-19 18:38:56.547 28136-28246 nativeloader            com.android.vending                  D  Load /product/priv-app/Phonesky/Phonesky.apk!/lib/x86_64/libmappedcountercacheversionjni.so using class loader ns product-clns-9 (caller=/product/priv-app/Phonesky/Phonesky.apk): ok
2026-04-19 18:38:56.550   450-450   Zygote                  zygote64                             D  Forked child process 28251
2026-04-19 18:38:56.551   762-815   ActivityManager         system_server                        I  Start proc 28251:com.google.android.gms.unstable/u0a147 for service {com.google.android.gms/com.google.android.gms.droidguard.DroidGuardService}
2026-04-19 18:38:56.552   762-815   ActivityManager         system_server                        I  ProcessObserver broadcast disabled
2026-04-19 18:38:56.559   762-813   ActivityManager         system_server                        W  Rescheduling restart of crashed service com.google.android.inputmethod.latin/com.android.inputmethod.latin.LatinIME in 19555ms for mem-pressure-event
2026-04-19 18:38:56.564 28138-28252 VoiceDataDownloader     com.google.android.tts               I  Not already initialized. Initializing Superpacks.
2026-04-19 18:38:56.576 28138-28252 VoiceDataDownloader     com.google.android.tts               I  Superpack object built.
2026-04-19 18:38:56.577 28138-28252 VoiceDataDownloader     com.google.android.tts               I  Superpack slicing strategy registered
2026-04-19 18:38:56.590 28138-28252 VoiceDataDownloader     com.google.android.tts               I  Superpack quota set for all voices.
2026-04-19 18:38:56.591 28138-28252 VoiceDataDownloader     com.google.android.tts               I  Got bundled voice en-us-x-multi-r80
2026-04-19 18:38:56.592 27368-27562 IPCThreadState          com.google.android.gms               E  Binder transaction failure. id: 916742, BR_*: 29189, error: -22 (Invalid argument)
2026-04-19 18:38:56.600   762-1964  ActivityManager         system_server                        W  pid 27368 com.google.android.gms sent binder code 1 with flags 1 to frozen apps and got error -32
2026-04-19 18:38:56.601   762-1964  ActivityManager         system_server                        D  Too many transaction errors, throttling freezer binder callback.
2026-04-19 18:38:56.601 28138-28254 ashmem                  com.google.android.tts               E  Pinning is deprecated since Android Q. Please use trim or other methods.
2026-04-19 18:38:56.605 28138-28138 GoogleTtsServicePeer    com.google.android.tts               I  Creating Google TTS service, version googletts.google-speech-apk_20241125.02_p2.702443970
2026-04-19 18:38:56.617   762-1964  FileUtils               system_server                        D  Rounded bytes from 2067251200 to 4000000000
2026-04-19 18:38:56.630 27368-27520 IPCThreadState          com.google.android.gms               E  Binder transaction failure. id: 916774, BR_*: 29189, error: -22 (Invalid argument)
2026-04-19 18:38:56.632 27368-27520 ActivityThread          com.google.android.gms               D  Too many transaction errors, throttling freezer binder callback.
2026-04-19 18:38:56.637 28138-28254 SP                      com.google.android.tts               I  Registering ttsvoices.3020, url: null, constraints: *:*:*:*, flags: *, requested: 3020, current: 3020
2026-04-19 18:38:56.667 28136-28213 Finsky                  com.android.vending                  W  [87] aitb.i(91): Failed to get the task info for cold start.
2026-04-19 18:38:56.667 28136-28213 Finsky                  com.android.vending                  I  [87] aitb.i(125): Process started for unknown session.
2026-04-19 18:38:56.669 28136-28136 Finsky                  com.android.vending                  I  [2] nbg.ag(343): Profiling: Starting up (1)
2026-04-19 18:38:56.675 28251-28251 id.gms.unstable         zygote64                             I  Using CollectorTypeCC GC.
2026-04-19 18:38:56.677 28251-28251 id.gms.unstable         zygote64                             W  Unexpected CPU variant for x86: x86_64.
                                                                                                    Known variants: atom, sandybridge, silvermont, goldmont, goldmont-plus, goldmont-without-sha-xsaves, tremont, kabylake, alderlake, default
2026-04-19 18:38:56.686 27368-27520 AsyncOperation          com.google.android.gms               W  operation=GetPriorityPreference1P, opStatusCode=19 [CONTEXT service_id=303 ] (Fix with AI)
                                                                                                    OperationException[Status{statusCode=Remote exception., resolution=null}]
                                                                                                    	at awmi.e(:com.google.android.gms@252635038@25.26.35 (260800-783060121):296)
                                                                                                    	at awmi.h(:com.google.android.gms@252635038@25.26.35 (260800-783060121):53)
                                                                                                    	at awmi.f(:com.google.android.gms@252635038@25.26.35 (260800-783060121):16)
                                                                                                    	at cheh.fI(:com.google.android.gms@252635038@25.26.35 (260800-783060121):1)
                                                                                                    	at chel.run(:com.google.android.gms@252635038@25.26.35 (260800-783060121):128)
                                                                                                    	at fyac.run(:com.google.android.gms@252635038@25.26.35 (260800-783060121):21)
                                                                                                    	at azpj.c(:com.google.android.gms@252635038@25.26.35 (260800-783060121):50)
                                                                                                    	at azpj.run(:com.google.android.gms@252635038@25.26.35 (260800-783060121):70)
                                                                                                    	at java.util.concurrent.ThreadPoolExecutor.runWorker(ThreadPoolExecutor.java:1156)
                                                                                                    	at java.util.concurrent.ThreadPoolExecutor$Worker.run(ThreadPoolExecutor.java:651)
                                                                                                    	at azva.run(:com.google.android.gms@252635038@25.26.35 (260800-783060121):8)
                                                                                                    	at java.lang.Thread.run(Thread.java:1119)
                                                                                                    Caused by: awkx: Remote exception.
                                                                                                    	at awmi.h(:com.google.android.gms@252635038@25.26.35 (260800-783060121):50)
                                                                                                    	... 10 more
                                                                                                    Caused by: android.os.DeadObjectException
                                                                                                    	at android.os.BinderProxy.transactNative(Native Method)
                                                                                                    	at android.os.BinderProxy.transact(BinderProxy.java:592)
                                                                                                    	at uyz.fG(:com.google.android.gms@252635038@25.26.35 (260800-783060121):5)
                                                                                                    	at awlc.a(:com.google.android.gms@252635038@25.26.35 (260800-783060121):18)
                                                                                                    	at awmq.c(:com.google.android.gms@252635038@25.26.35 (260800-783060121):143)
                                                                                                    	at awmi.h(:com.google.android.gms@252635038@25.26.35 (260800-783060121):9)
                                                                                                    	... 10 more
2026-04-19 18:38:56.686 27368-27520 ActivityThread          com.google.android.gms               D  Too many transaction errors, throttling freezer binder callback.
2026-04-19 18:38:56.689  8820-8888  .apps.wellbeing         com.google.android.apps.wellbeing    I  AssetManager2(0x7921f1047f18) locale list changing from [] to [en-US]
2026-04-19 18:38:56.701 28251-28251 id.gms.unstable         zygote64                             E  Not starting debugger since process cannot load the jdwp agent.
2026-04-19 18:38:56.711 28138-28252 VoiceDataDownloader     com.google.android.tts               I  Superpacks created and default voices checked.
2026-04-19 18:38:56.713 28138-28252 VoiceDataDownloader     com.google.android.tts               I  Successfully initialized Superpacks.
2026-04-19 18:38:56.744 28138-28236 nativeloader            com.google.android.tts               D  Load /product/app/GoogleTTS/GoogleTTS.apk!/lib/x86_64/libtts_android.so using class loader ns product-clns-9 (caller=/product/app/GoogleTTS/GoogleTTS.apk): ok
2026-04-19 18:38:56.744 28138-28236 NativeLibraryLoader     com.google.android.tts               I  tts_android (null) was loaded normally!
2026-04-19 18:38:56.748 28138-28138 ExoPlayerImpl           com.google.android.tts               I  Init ec3b683 [AndroidXMedia3/1.5.0] [emu64xa16k, sdk_gphone16k_x86_64, Google, 36]
2026-04-19 18:38:56.756 28136-28213 Finsky                  com.android.vending                  I  [87] abzp.<init>(67): abzs - Registering in memory receiver for android.intent.action.PACKAGE_ADDED and android.intent.action.PACKAGE_REMOVED
2026-04-19 18:38:56.761   762-2269  CompatChangeReporter    system_server                        D  Compat change id reported: 297989574; UID 10151; state: ENABLED
2026-04-19 18:38:56.769 27368-27461 IPCThreadState          com.google.android.gms               E  Binder transaction failure. id: 916878, BR_*: 29189, error: -22 (Invalid argument)
2026-04-19 18:38:56.770 27368-27461 ActivityThread          com.google.android.gms               D  Too many transaction errors, throttling freezer binder callback.
2026-04-19 18:38:56.797 28138-28138 AudioSystem             com.google.android.tts               D  onNewServiceWithAdapter: media.audio_flinger service obtained 0x79221107b520
2026-04-19 18:38:56.816 28251-28251 nativeloader            com.google.android.gms.unstable      D  Load libframework-connectivity-tiramisu-jni.so using APEX ns com_android_tethering for caller /apex/com.android.tethering/javalib/framework-connectivity-t.jar: ok
2026-04-19 18:38:56.816 28138-28138 AudioSystem             com.google.android.tts               D  getService: checking for service media.audio_flinger: 0x7920d10a0d40
2026-04-19 18:38:56.826 28138-28138 ExoPlayerImpl           com.google.android.tts               I  Init 47694c4 [AndroidXMedia3/1.5.0] [emu64xa16k, sdk_gphone16k_x86_64, Google, 36]
2026-04-19 18:38:56.942   762-1407  ActivityManager         system_server                        W  Slow operation: 102ms so far, now at attachApplicationLocked: after updateOomAdjLocked
2026-04-19 18:38:56.947  8820-8888  .apps.wellbeing         com.google.android.apps.wellbeing    I  AssetManager2(0x7921f104adf8) locale list changing from [] to [en-US]
2026-04-19 18:38:56.960  8820-8888  .apps.wellbeing         com.google.android.apps.wellbeing    I  AssetManager2(0x7921f1048b98) locale list changing from [] to [en-US]
2026-04-19 18:38:56.974  8820-8888  .apps.wellbeing         com.google.android.apps.wellbeing    I  AssetManager2(0x7921f1045038) locale list changing from [] to [en-US]
2026-04-19 18:38:56.985 28136-28136 Finsky                  com.android.vending                  I  [2] nda.j(1052): AsyncInit: Mandatory tasks are executed!
2026-04-19 18:38:56.985 21827-27860 NetworkScheduler.Stats  com.google.android.gms.persistent    I  (REDACTED) Task %s/%s finished executing. cause:%s result: %s elapsed_millis: %s uptime_millis: %s exec_start_elapsed_seconds: %s
2026-04-19 18:38:56.993  8820-8888  .apps.wellbeing         com.google.android.apps.wellbeing    I  AssetManager2(0x7921f1038b58) locale list changing from [] to [en-US]
2026-04-19 18:38:56.995 28136-28136 Finsky                  com.android.vending                  I  [2] zhz.onTrimMemory(11): Memory trim requested to level 40
2026-04-19 18:38:56.995 28136-28136 Finsky                  com.android.vending                  I  [2] adut.accept(139): Flushing in-memory image cache
2026-04-19 18:38:56.998  8820-8888  .apps.wellbeing         com.google.android.apps.wellbeing    I  AssetManager2(0x7921f1035638) locale list changing from [] to [en-US]
2026-04-19 18:38:57.019  8820-8888  .apps.wellbeing         com.google.android.apps.wellbeing    I  AssetManager2(0x7921f103d978) locale list changing from [] to [en-US]
2026-04-19 18:38:57.022 28251-28251 ApplicationLoaders      com.google.android.gms.unstable      D  Returning zygote-cached class loader: /system/framework/org.apache.http.legacy.jar
2026-04-19 18:38:57.022 28251-28251 ApplicationLoaders      com.google.android.gms.unstable      D  Returning zygote-cached class loader: /system/framework/com.android.media.remotedisplay.jar
2026-04-19 18:38:57.022 28251-28251 ApplicationLoaders      com.google.android.gms.unstable      D  Returning zygote-cached class loader: /system/framework/com.android.location.provider.jar
2026-04-19 18:38:57.022 28251-28251 ApplicationLoaders      com.google.android.gms.unstable      D  Returning zygote-cached class loader: /system_ext/framework/androidx.window.extensions.jar
2026-04-19 18:38:57.023 28251-28251 ApplicationLoaders      com.google.android.gms.unstable      D  Returning zygote-cached class loader: /system_ext/framework/androidx.window.sidecar.jar
2026-04-19 18:38:57.023 28136-28213 ashmem                  com.android.vending                  E  Pinning is deprecated since Android Q. Please use trim or other methods.
2026-04-19 18:38:57.049   762-2269  ConnectivityService     system_server                        D  requestNetwork for uid/pid:10143/28136 activeRequest: null callbackRequest: 729 [NetworkRequest [ REQUEST id=730, [ Capabilities: INTERNET&NOT_RESTRICTED&TRUSTED&NOT_VCN_MANAGED&NOT_BANDWIDTH_CONSTRAINED Uid: 10143 RequestorUid: 10143 RequestorPkg: com.android.vending UnderlyingNetworks: Null] ]] callback flags: 0 order: 2147483647 isUidTracked: false declaredMethods: AVAIL|LOST|NC|LP
2026-04-19 18:38:57.050 28136-28216 Finsky                  com.android.vending                  I  [89] pth.f(41): Subscription detail: DataSubscriptionInfo{groupIdLevel1=null, serviceProviderName=[Zr1R7g28S8p7iucp_gnNJJtsRl-pgO3Y6eIkCh24Iy0], simCarrierId=1}
2026-04-19 18:38:57.051   224-224   lowmemorykiller         lmkd                                 I  Kill 'com.android.vending' (28136), uid 10143, oom_score_adj 905 to free 133520kB rss, 34720kB swap; reason: min watermark is breached
2026-04-19 18:38:57.055   762-1023  ConnectivityService     system_server                        D  NetReassign [730 : null → 100] [c 0] [a 1] [i 4]
2026-04-19 18:38:57.057 28138-28138 VoiceDataManager        com.google.android.tts               I  Explicitly adding voicepack to downloads: en-us-x-multi-seanet
2026-04-19 18:38:57.058 28138-28138 VoiceDataDownloader     com.google.android.tts               I  voicesToFetch en-us
2026-04-19 18:38:57.059   762-1009  OemPaidWif...orkFactory system_server                        D  got request NetworkRequest [ REQUEST id=730, [ Capabilities: INTERNET&NOT_RESTRICTED&TRUSTED&NOT_VCN_MANAGED&NOT_BANDWIDTH_CONSTRAINED Uid: 10143 RequestorUid: 10143 RequestorPkg: com.android.vending UnderlyingNetworks: Null] ]
2026-04-19 18:38:57.059   762-1009  MultiInter...orkFactory system_server                        D  got request NetworkRequest [ REQUEST id=730, [ Capabilities: INTERNET&NOT_RESTRICTED&TRUSTED&NOT_VCN_MANAGED&NOT_BANDWIDTH_CONSTRAINED Uid: 10143 RequestorUid: 10143 RequestorPkg: com.android.vending UnderlyingNetworks: Null] ]
2026-04-19 18:38:57.059   762-1009  WifiNetworkFactory      system_server                        D  got request NetworkRequest [ REQUEST id=730, [ Capabilities: INTERNET&NOT_RESTRICTED&TRUSTED&NOT_VCN_MANAGED&NOT_BANDWIDTH_CONSTRAINED Uid: 10143 RequestorUid: 10143 RequestorPkg: com.android.vending UnderlyingNetworks: Null] ]
2026-04-19 18:38:57.059   762-1009  UntrustedW...orkFactory system_server                        D  got request NetworkRequest [ REQUEST id=730, [ Capabilities: INTERNET&NOT_RESTRICTED&TRUSTED&NOT_VCN_MANAGED&NOT_BANDWIDTH_CONSTRAINED Uid: 10143 RequestorUid: 10143 RequestorPkg: com.android.vending UnderlyingNetworks: Null] ]
2026-04-19 18:38:57.060 28138-28138 VoiceDataDownloader     com.google.android.tts               I  fetchVoiceInternal en-us
2026-04-19 18:38:57.062 28138-28252 VoiceDataManager        com.google.android.tts               I  start to download voice en-us
2026-04-19 18:38:57.062 28138-28252 VoiceDataDownloader     com.google.android.tts               I  Download of en-us started.
2026-04-19 18:38:57.062 28138-28252 VoiceDataDownloader     com.google.android.tts               I  Registered slicing strategy for en-us
2026-04-19 18:38:57.063 28138-28252 VoiceDataDownloader     com.google.android.tts               I  Getting pack name en-us-x-multi-r80
2026-04-19 18:38:57.063 28138-28252 VoiceDataDownloader     com.google.android.tts               I  Adding pack en-us-x-multi-r80 to superpack.
2026-04-19 18:38:57.063 28138-28252 VoiceDataDownloader     com.google.android.tts               I  Getting pack name en-us-x-multi-seanet-r80
2026-04-19 18:38:57.063 28138-28252 VoiceDataDownloader     com.google.android.tts               I  Adding pack en-us-x-multi-seanet-r80 to superpack.
2026-04-19 18:38:57.063 28138-28252 VoiceDataDownloader     com.google.android.tts               I  Getting pack name en-us-x-afh-r80
2026-04-19 18:38:57.063 28138-28252 VoiceDataDownloader     com.google.android.tts               I  Adding pack en-us-x-afh-r80 to superpack.
2026-04-19 18:38:57.064 28138-28252 VoiceDataDownloader     com.google.android.tts               I  Getting pack name en-us-x-fis-r80
2026-04-19 18:38:57.067   762-2096  ActivityManager         system_server                        I  Process com.android.vending (pid 28136) has died: cch+5 CEM
2026-04-19 18:38:57.070   762-1023  ConnectivityService     system_server                        D  releasing NetworkRequest [ REQUEST id=730, [ Capabilities: INTERNET&NOT_RESTRICTED&TRUSTED&NOT_VCN_MANAGED&NOT_BANDWIDTH_CONSTRAINED Uid: 10143 RequestorUid: 10143 RequestorPkg: com.android.vending UnderlyingNetworks: Null] ] (release request)
2026-04-19 18:38:57.071   450-450   Zygote                  zygote64                             I  Process 28136 exited due to signal 9 (Killed)
2026-04-19 18:38:57.074   762-1964  BestClock               system_server                        W  java.time.DateTimeException: No network time available
2026-04-19 18:38:57.075   224-230   lowmemorykiller         lmkd                                 W  Failed to open /proc/28136/task; errno=2: process pid(28136) might have died
2026-04-19 18:38:57.064 28138-28252 VoiceDataDownloader     com.google.android.tts               I  Adding pack en-us-x-fis-r80 to superpack.
2026-04-19 18:38:57.075   224-230   lowmemorykiller         lmkd                                 E  process_mrelease 28136 failed: No such process
2026-04-19 18:38:57.075 28138-28252 VoiceDataDownloader     com.google.android.tts               I  Getting pack name en-us-x-afh-seanet-r80
2026-04-19 18:38:57.076 28138-28252 VoiceDataDownloader     com.google.android.tts               I  Adding pack en-us-x-afh-seanet-r80 to superpack.
2026-04-19 18:38:57.076 28138-28252 VoiceDataDownloader     com.google.android.tts               I  Getting pack name en-us-x-fis-seanet-r80
2026-04-19 18:38:57.076 28138-28252 VoiceDataDownloader     com.google.android.tts               I  Adding pack en-us-x-fis-seanet-r80 to superpack.
2026-04-19 18:38:57.077 28138-28252 VoiceDataDownloader     com.google.android.tts               I  Getting pack name en-us-x-news-lemonbalm-r80
2026-04-19 18:38:57.077 28138-28252 VoiceDataDownloader     com.google.android.tts               I  Adding pack en-us-x-news-lemonbalm-r80 to superpack.
2026-04-19 18:38:57.077 28138-28252 VoiceDataDownloader     com.google.android.tts               I  Getting pack name en-us-x-news-darwinnrio-lemonbalm-r80
2026-04-19 18:38:57.077 28138-28252 VoiceDataDownloader     com.google.android.tts               I  Adding pack en-us-x-news-darwinnrio-lemonbalm-r80 to superpack.
2026-04-19 18:38:57.077 28138-28252 VoiceDataDownloader     com.google.android.tts               I  Getting pack name en-us-x-multi-locomel-r80
2026-04-19 18:38:57.077 28138-28252 VoiceDataDownloader     com.google.android.tts               I  Adding pack en-us-x-multi-locomel-r80 to superpack.
2026-04-19 18:38:57.078 28138-28252 VoiceDataDownloader     com.google.android.tts               I  Getting pack name en-us-x-blueginger-lemonbalm-r80
2026-04-19 18:38:57.078 28138-28252 VoiceDataDownloader     com.google.android.tts               I  Adding pack en-us-x-blueginger-lemonbalm-r80 to superpack.
2026-04-19 18:38:57.078 28138-28252 VoiceDataDownloader     com.google.android.tts               I  Syncing superpack en-us
2026-04-19 18:38:57.081 27368-27368 BoundBrokerSvc          com.google.android.gms               D  onUnbind: Intent { act=com.google.android.gms.checkin.START xflg=0x4 pkg=com.google.android.gms }
2026-04-19 18:38:57.081   762-1964  BestClock               system_server                        W  java.time.DateTimeException: No network time available
2026-04-19 18:38:57.085 28138-28254 SP                      com.google.android.tts               I  Registering en-us.80, url: null, constraints: *:*:*:*, flags: *, requested: 80, current: 80
2026-04-19 18:38:57.086   762-1964  BestClock               system_server                        W  java.time.DateTimeException: No network time available
2026-04-19 18:38:57.086   762-816   libprocessgroup         system_server                        I  Removed cgroup /sys/fs/cgroup/apps/uid_10143/pid_28136
2026-04-19 18:38:57.097 28138-28138 GoogleTTSServiceImpl    com.google.android.tts               I  currentLocale = en-US
2026-04-19 18:38:57.100   762-762   TextToSpee...serService system_server                        D  Connected successfully to TTS engine: com.google.android.tts
2026-04-19 18:38:57.101 27317-28013 TextToSpeech            com.google.android.as                I  Connected to TTS engine
2026-04-19 18:38:57.103   762-813   ActivityManager         system_server                        W  Rescheduling restart of crashed service com.google.android.inputmethod.latin/com.android.inputmethod.latin.LatinIME in 29011ms for mem-pressure-event
2026-04-19 18:38:57.118 27368-27528 JavaBinder              com.google.android.gms               E  *** Uncaught remote exception! Exceptions are not yet supported across processes. Client PID 28136 UID 10143. (Fix with AI)
                                                                                                    android.database.StaleDataException: Attempted to access a cursor after it has been closed.
                                                                                                    	at android.database.CursorToBulkCursorAdaptor.throwIfCursorIsClosed(CursorToBulkCursorAdaptor.java:137)
                                                                                                    	at android.database.CursorToBulkCursorAdaptor.getBulkCursorDescriptor(CursorToBulkCursorAdaptor.java:155)
                                                                                                    	at android.content.ContentProviderNative.onTransact(ContentProviderNative.java:117)
                                                                                                    	at android.os.Binder.execTransactInternal(Binder.java:1421)
                                                                                                    	at android.os.Binder.execTransact(Binder.java:1365)
2026-04-19 18:38:57.129  8820-8888  .apps.wellbeing         com.google.android.apps.wellbeing    I  AssetManager2(0x7921f103c9d8) locale list changing from [] to [en-US]
2026-04-19 18:38:57.130 28251-28251 nativeloader            com.google.android.gms.unstable      D  InitLlndkLibrariesProduct: libEGL.so:libGLESv1_CM.so:libGLESv2.so:libGLESv3.so:libRS.so:libandroid_net.so:libapexsupport.so:libavf.so:libbinder_ndk.so:libc.so:libcgrouprc.so:libclang_rt.asan-x86_64-android.so:libcom.android.tethering.connectivity_native.so:libdl.so:libft2.so:liblog.so:libm.so:libmediandk.so:libnativewindow.so:libneuralnetworks.so:libselinux.so:libsync.so:libvendorsupport.so:libvndksupport.so:libvulkan.so
2026-04-19 18:38:57.131 28251-28251 nativeloader            com.google.android.gms.unstable      D  Configuring product-clns-9 for unbundled product apk /product/priv-app/PrebuiltGmsCore/PrebuiltGmsCore.apk. target_sdk_version=36, uses_libraries=, library_path=/product/priv-app/PrebuiltGmsCore/lib/x86_64:/product/priv-app/PrebuiltGmsCore/PrebuiltGmsCore.apk!/lib/x86_64:/product/lib64:/system/product/lib64, permitted_path=/data:/mnt/expand:/data/user/0/com.google.android.gms:/product/lib64:/system/product/lib64
2026-04-19 18:38:57.133 28251-28251 nativeloader            com.google.android.gms.unstable      D  InitVndkspLibrariesProduct: VNDK is deprecated with product
2026-04-19 18:38:57.149 28251-28251 id.gms.unstable         com.google.android.gms.unstable      I  AssetManager2(0x7921f1037258) locale list changing from [] to [en-US]
2026-04-19 18:38:57.151 28138-28254 SP                      com.google.android.tts               I  Syncing en-us (80) with slices: [{en-us-x-multi-seanet-r80, m:*:*:*}, {en-us-x-multi-r80, m:*:*:*}], metadata: false
2026-04-19 18:38:57.163   762-1095  Background...rolService system_server                        D  Package event received: 0
2026-04-19 18:38:57.168  8820-8888  .apps.wellbeing         com.google.android.apps.wellbeing    I  AssetManager2(0x7921f1041b18) locale list changing from [] to [en-US]
2026-04-19 18:38:57.179 28138-28187 GoogleTTSServiceImpl    com.google.android.tts               I  currentLocale = en-US
2026-04-19 18:38:57.195 28251-28251 GraphicsEnvironment     com.google.android.gms.unstable      V  Currently set values for:
2026-04-19 18:38:57.202 28138-28187 GoogleTTSServiceImpl    com.google.android.tts               I  For default lang en-us is name en-US-language (en-us-x-iog-server)
2026-04-19 18:38:57.205 27317-28280 TextToSpeech            com.google.android.as                I  Setting up the connection to TTS engine...
2026-04-19 18:38:57.205 27317-27317 AiAiCaptions            com.google.android.as                I  TtsSynthesizerImpl::onInit(): status: true(0).
2026-04-19 18:38:57.205  8820-8888  .apps.wellbeing         com.google.android.apps.wellbeing    I  AssetManager2(0x7921f103e2d8) locale list changing from [] to [en-US]
2026-04-19 18:38:57.214 28251-28251 GraphicsEnvironment     com.google.android.gms.unstable      V    angle_gl_driver_selection_pkgs=[]
2026-04-19 18:38:57.216 28251-28251 GraphicsEnvironment     com.google.android.gms.unstable      V    angle_gl_driver_selection_values=[]
2026-04-19 18:38:57.218 28251-28251 GraphicsEnvironment     com.google.android.gms.unstable      V  com.google.android.gms is not listed in per-application setting
2026-04-19 18:38:57.218 28251-28251 GraphicsEnvironment     com.google.android.gms.unstable      V  ANGLE allowlist from config: com.dreamgames.royalmatch com.dts.freefiremax com.dxx.firenow com.gramgames.mergedragons com.ludo.king com.mojang.minecraftpe com.my.defense com.nintendo.zaka com.os.airforce com.playrix.fishdomdd.gplay io.teslatech.callbreak jp.konami.prospia net.peakgames.toonblast
2026-04-19 18:38:57.218 28251-28251 GraphicsEnvironment     com.google.android.gms.unstable      V  com.google.android.gms is not listed in ANGLE allowlist or settings, returning default
2026-04-19 18:38:57.218 28251-28251 GraphicsEnvironment     com.google.android.gms.unstable      V  Neither updatable production driver nor prerelease driver is supported.
2026-04-19 18:38:57.237 27728-27865 DynamiteModule          com...d.googlequicksearchbox:search  I  Considering local module com.google.android.gms.cronet_dynamite:0 and remote module com.google.android.gms.cronet_dynamite:3611
2026-04-19 18:38:57.237 27728-27865 DynamiteModule          com...d.googlequicksearchbox:search  I  Selected remote version of com.google.android.gms.cronet_dynamite, version >= 3611
2026-04-19 18:38:57.237 27728-27865 DynamiteModule          com...d.googlequicksearchbox:search  V  Dynamite loader version >= 2, using loadModule2NoCrashUtils
2026-04-19 18:38:57.244 27728-27865 earchbox:search         com...d.googlequicksearchbox:search  I  Waiting for a blocking GC ClassLinker
2026-04-19 18:38:57.251  8820-8888  .apps.wellbeing         com.google.android.apps.wellbeing    I  AssetManager2(0x7921f103d338) locale list changing from [] to [en-US]
2026-04-19 18:38:57.259  8820-8888  .apps.wellbeing         com.google.android.apps.wellbeing    I  AssetManager2(0x7921f103e918) locale list changing from [] to [en-US]
2026-04-19 18:38:57.313 28283-28283 dumpsys                 dumpsys                              W  Thread Pool max thread count is 0. Cannot cache binder as linkToDeath cannot be implemented. serviceName: package
2026-04-19 18:38:57.325 28251-28251 GmsApplication          com.google.android.gms.unstable      I  Using GservicesReaderQueryDelegate
2026-04-19 18:38:57.325 27317-27547 AiAiStatsd              com.google.android.as                I  Successfully logged feature usage for TEXT_CLASSIFIER.
2026-04-19 18:38:57.351 28138-28254 SP                      com.google.android.tts               I  Sync for en-us succeeded in 258 ms: no changes
2026-04-19 18:38:57.353 28138-28254 SP                      com.google.android.tts               I  GC for 'en-us' (10) with ttl of 0 ms took 0 ms (0/0/0)
2026-04-19 18:38:57.354 28138-28252 VoiceDataDownloader     com.google.android.tts               I  Superpack download completed.
2026-04-19 18:38:57.354 28138-28252 VoiceDataDownloader     com.google.android.tts               I  Download en-us Success true
