onRebind: Intent { act=com.google.android.gms.common.telemetry.service.START dat=chimera-action:/... xflg=0x4 cmp=com.google.android.gms/.chimera.PersistentApiService }
2026-04-19 18:38:49.143 27682-27834 FederatedT...gScheduler com.google.android.as.oss            I  Cancelling training for population:aiai/playstore/smartselect/prod/train/en/address-phone-other session_name:smartselect/prod/train/en/address-phone-other
2026-04-19 18:38:49.143  1166-1166  ClipboardListener       com.android.systemui                 I  Clipboard overlay suppressed.
2026-04-19 18:38:49.144 27682-27818 FederatedT...gScheduler com.google.android.as.oss            I  Cancelling training for population:aiai/playstore/smartselect/prod/train/en/address-phone-or-pasted-to-search-or-browser-apps session_name:smartselect/prod/train/en/address-phone-or-pasted-to-search-or-browser-apps
2026-04-19 18:38:49.145 27682-27846 FederatedT...gScheduler com.google.android.as.oss            I  Cancelling training for population:aiai/playstore/smartselect/prod/train/en/address-phone-or-selected-in-search-or-browser-apps session_name:smartselect/prod/train/en/address-phone-or-selected-in-search-or-browser-apps
2026-04-19 18:38:49.146 27682-27849 FederatedT...gScheduler com.google.android.as.oss            I  Cancelling training for population:aiai/playstore/smartselect/train/en/selected-in-messaging-apps session_name:smartselect/train/en/selected-in-messaging-apps
2026-04-19 18:38:49.148 27317-27654 SP.AiAi                 com.google.android.as                I  Scheduling: download registered, 0 started, 0 paused, 1 scheduled, 6 pending: manifests:text-classifier-langid-1941001461 {W:C:I:l, bg}, manifests:spelling_correction-22110320 {W:C:I:l, bg}, manifests:captions_i18n_v0_background-20240825 * {W:b:u:l, bg}, manifests:kg_collections_table-21051103 {W:C:I:l, bg}, manifests:text-classifier-annotator-272525175 {W:C:I:l, bg}, manifests:text-classifier-actions-1140547708 {W:C:I:l, bg}
2026-04-19 18:38:49.149 27682-27830 System.err              com.google.android.as.oss            W  Seeding context with ref: 39004009
2026-04-19 18:38:49.150 27682-27830 FederatedT...gScheduler com.google.android.as.oss            I  Cancelling training for population:aiai/playstore/smartselect/prod/train/en/address-phone-or-selected-in-non-messaging-apps session_name:smartselect/prod/train/en/address-phone-or-selected-in-non-messaging-apps
2026-04-19 18:38:49.161 21827-22020 WearableService         com.google.android.gms.persistent    D  onGetService: waiting for onCreate to be completed.
2026-04-19 18:38:49.164   762-985   system_server           system_server                        I  AssetManager2(0x7921f1092bf8) locale list changing from [] to [en-US]
2026-04-19 18:38:49.172 27382-27600 egni                    com...oglequicksearchbox:interactor  I  Pre-warming invocation sink grpc service.
2026-04-19 18:38:49.175   762-814   ActivityManager         system_server                        I  Waited long enough for: ServiceRecord{7871568 u0 com.google.android.gms/.icing.service.IndexWorkerService c:com.google.android.gms}
2026-04-19 18:38:49.184 27366-27590 androidtc               com...gle.android.inputmethod.latin  D  Initializing SystemTextClassifier, type = System
2026-04-19 18:38:49.186 27682-27844 System.err              com.google.android.as.oss            W  Seeding context with ref: 127923694
2026-04-19 18:38:49.187 27682-27853 FederatedT...gScheduler com.google.android.as.oss            I  Cancelling training for population:aiai/playstore/smartselect/train/en/address-phone-otp-copied session_name:smartselect/train/en/address-phone-otp-copied
2026-04-19 18:38:49.187 27682-27833 FederatedT...gScheduler com.google.android.as.oss            I  Cancelling training for population:aiai/playstore/smartselect/train/en/all session_name:smartselect/train/en/all
2026-04-19 18:38:49.187 27682-27845 FederatedT...gScheduler com.google.android.as.oss            I  Cancelling training for population:aiai/playstore/smartselect/prod/train/en/all session_name:smartselect/prod/train/en/all
2026-04-19 18:38:49.195 27682-27844 FederatedT...gScheduler com.google.android.as.oss            I  Cancelling training for population:aiai/playstore/smartselect/prod/train/en/pasted-to-search-or-browser-apps session_name:smartselect/prod/train/en/pasted-to-search-or-browser-apps
2026-04-19 18:38:49.204 27682-27834 System.err              com.google.android.as.oss            W  Seeding context with ref: 1993359
2026-04-19 18:38:49.205 27682-27835 System.err              com.google.android.as.oss            W  Seeding context with ref: 149803301
2026-04-19 18:38:49.207 27682-27846 System.err              com.google.android.as.oss            W  Seeding context with ref: 177832698
2026-04-19 18:38:49.207 27682-27849 System.err              com.google.android.as.oss            W  Seeding context with ref: 10559659
2026-04-19 18:38:49.208 27682-27818 System.err              com.google.android.as.oss            W  Seeding context with ref: 198259464
2026-04-19 18:38:49.209 27682-27855 System.err              com.google.android.as.oss            W  Seeding context with ref: 184885532
2026-04-19 18:38:49.210 27682-27835 FederatedT...gScheduler com.google.android.as.oss            I  Cancelling training for population:aiai/playstore/smartselect/train/en/address-phone-other-nonsentences session_name:smartselect/train/en/address-phone-other-nonsentences
2026-04-19 18:38:49.212 27682-27855 FederatedT...gScheduler com.google.android.as.oss            I  Cancelling training for population:aiai/playstore/smartselect/train/en/phone session_name:smartselect/train/en/phone
2026-04-19 18:38:49.212 27682-27849 FederatedT...gScheduler com.google.android.as.oss            I  Cancelling training for population:aiai/playstore/smartselect/train/en/address-or-pasted-to-map-apps session_name:smartselect/train/en/address-or-pasted-to-map-apps
2026-04-19 18:38:49.213 27682-27818 FederatedT...gScheduler com.google.android.as.oss            I  Cancelling training for population:aiai/playstore/smartselect/train/en/address-phone-or-selected-in-search-or-browser-apps session_name:smartselect/train/en/address-phone-or-selected-in-search-or-browser-apps
2026-04-19 18:38:49.214 27682-27846 FederatedT...gScheduler com.google.android.as.oss            I  Cancelling training for population:aiai/playstore/smartselect/train/en/pasted-to-notes-apps session_name:smartselect/train/en/pasted-to-notes-apps
2026-04-19 18:38:49.214 27682-27834 FederatedT...gScheduler com.google.android.as.oss            I  Cancelling training for population:aiai/playstore/smartselect/train/en/selected-in-search-or-browser-apps session_name:smartselect/train/en/selected-in-search-or-browser-apps
2026-04-19 18:38:49.216 27728-27728 dmna                    com...d.googlequicksearchbox:search  I  Initializing GMS Compliance Client Library...
2026-04-19 18:38:49.217 27682-27783 TrainerGrp...bleService com.google.android.as.oss            I  Cancelling training succeeded [population=aiai/playstore/smartselect/prod/train/en/pasted-to-search-apps, session=smartselect/prod/train/en/pasted-to-search-apps]
2026-04-19 18:38:49.218 27682-27783 System.err              com.google.android.as.oss            W  val in interceptor: null
2026-04-19 18:38:49.221 27682-27783 TrainerGrp...bleService com.google.android.as.oss            I  Cancelling training succeeded [population=aiai/playstore/smartselect/prod/train/en/all-non-url-email-cut, session=smartselect/prod/train/en/all-non-url-email-cut]
2026-04-19 18:38:49.221 27682-27783 System.err              com.google.android.as.oss            W  val in interceptor: null
2026-04-19 18:38:49.222 27599-27786 WM-PackageManagerHelper com.google.android.apps.messaging    D  Skipping component enablement for androidx.work.impl.background.systemjob.SystemJobService
2026-04-19 18:38:49.222 27599-27786 WM-Schedulers           com.google.android.apps.messaging    D  Created SystemJobScheduler and enabled SystemJobService
2026-04-19 18:38:49.223 27599-27734 WM-ForceStopRunnable    com.google.android.apps.messaging    D  Is default app process = true
2026-04-19 18:38:49.223 27599-27734 WM-ForceStopRunnable    com.google.android.apps.messaging    D  Performing cleanup operations.
2026-04-19 18:38:49.234 27728-27728 dmna                    com...d.googlequicksearchbox:search  I  Checking for device compliance...
2026-04-19 18:38:49.243 27728-27728 dmna                    com...d.googlequicksearchbox:search  I  Completed library init.
2026-04-19 18:38:49.244 27891-27891 .android.chrome         zygote64                             I  Using CollectorTypeCC GC.
2026-04-19 18:38:49.248 27599-27786 RcsAvailabilityCache    com.google.android.apps.messaging    I  Cached availability not found for simId: redacted-pii:sim_id[chars:20,last3:897]
2026-04-19 18:38:49.251 27599-27786 RcsAvailabilityCache    com.google.android.apps.messaging    I  Cached availability not found for simId: redacted-pii:sim_id[chars:20,last3:897]
2026-04-19 18:38:49.253 27891-27891 .android.chrome         zygote64                             W  Unexpected CPU variant for x86: x86_64.
                                                                                                    Known variants: atom, sandybridge, silvermont, goldmont, goldmont-plus, goldmont-without-sha-xsaves, tremont, kabylake, alderlake, default
2026-04-19 18:38:49.256 27599-27726 BugleBackup             com.google.android.apps.messaging    I  Registering preference change listener for "bugle".
2026-04-19 18:38:49.269 27317-27654 SP.AiAi                 com.google.android.as                I  Scheduling job with delay of 0s for {W:b:u:l, bg}, 1 candidates
2026-04-19 18:38:49.270   762-1095  Background...rolService system_server                        D  Package event received: 0
2026-04-19 18:38:49.275 27382-27407 hbox:interactor         com...oglequicksearchbox:interactor  W  Suspending all threads took: 63.872ms
2026-04-19 18:38:49.283 27682-27783 TrainerGrp...bleService com.google.android.as.oss            I  Cancelling training succeeded [population=aiai/playstore/pecanconversationsessionevents, session=pecanconversationsessionevents]
2026-04-19 18:38:49.284 27682-27783 System.err              com.google.android.as.oss            W  val in interceptor: null
2026-04-19 18:38:49.284 27599-27766 RcsAvailabilityCache    com.google.android.apps.messaging    I  Cached availability not found for simId: redacted-pii:sim_id[chars:20,last3:897]
2026-04-19 18:38:49.290 27891-27891 .android.chrome         zygote64                             E  Not starting debugger since process cannot load the jdwp agent.
2026-04-19 18:38:49.294 21827-21873 Wear_Controller         com.google.android.gms.persistent    I  Wearable module requires a companion app to be installed.
2026-04-19 18:38:49.296  8820-8888  .apps.wellbeing         com.google.android.apps.wellbeing    I  AssetManager2(0x7921f10394b8) locale list changing from [] to [en-US]
2026-04-19 18:38:49.302 27682-27783 TrainerGrp...bleService com.google.android.as.oss            I  Cancelling training succeeded [population=aiai/playstore/smartselect/prod/train/all/all_nonsentences, session=smartselect/prod/train/all/all_nonsentences]
2026-04-19 18:38:49.302 27682-27783 System.err              com.google.android.as.oss            W  val in interceptor: null
2026-04-19 18:38:49.309 27371-27588 BugleRcsEngine          com...le.android.apps.messaging:rcs  I  Unexpected action: android.intent.action.SIM_STATE_CHANGED [CONTEXT log_prefix="(Sim)" thread_id=93 ]
2026-04-19 18:38:49.316   762-1680  ActivityManager         system_server                        W  Slow operation: 56ms so far, now at finishAttachApplicationInner: after mServices.attachApplicationLocked
2026-04-19 18:38:49.316   762-1680  ActivityManager         system_server                        W  Slow operation: 56ms so far, now at finishAttachApplicationInner: after dispatching broadcasts
2026-04-19 18:38:49.325 27599-27785 BugleRcs                com.google.android.apps.messaging    I  couldn't get package info for carrier services package with name com.google.android.ims (Fix with AI)
                                                                                                    android.content.pm.PackageManager$NameNotFoundException: com.google.android.ims
                                                                                                    	at android.app.ApplicationPackageManager.getPackageInfoAsUser(ApplicationPackageManager.java:280)
                                                                                                    	at android.app.ApplicationPackageManager.getPackageInfo(ApplicationPackageManager.java:240)
                                                                                                    	at android.app.ApplicationPackageManager.getPackageInfo(ApplicationPackageManager.java:234)
                                                                                                    	at cvpw.<init>(PG:50)
                                                                                                    	at cvpw.a(PG:10)
                                                                                                    	at cggb.d(PG:27)
                                                                                                    	at akqe.run(PG:18)
                                                                                                    	at elst.run(PG:21)
                                                                                                    	at java.util.concurrent.Executors$RunnableAdapter.call(Executors.java:524)
                                                                                                    	at esfe.a(PG:3)
                                                                                                    	at eseb.run(PG:19)
                                                                                                    	at esff.run(PG:5)
                                                                                                    	at dubu.run(PG:7)
                                                                                                    	at java.util.concurrent.ThreadPoolExecutor.runWorker(ThreadPoolExecutor.java:1156)
                                                                                                    	at java.util.concurrent.ThreadPoolExecutor$Worker.run(ThreadPoolExecutor.java:651)
                                                                                                    	at dubb.run(PG:6)
                                                                                                    	at java.lang.Thread.run(Thread.java:1119)
                                                                                                    	at ducv.run(PG:61)
2026-04-19 18:38:49.347 27599-27734 WM-SystemJobScheduler   com.google.android.apps.messaging    D  Reconciling jobs
2026-04-19 18:38:49.361 27371-27610 BugleRcsEngine          com...le.android.apps.messaging:rcs  I  Initializing Carrier Services Logging. [CONTEXT thread_id=97 ]
2026-04-19 18:38:49.361 27371-27610 BugleRcsEngine          com...le.android.apps.messaging:rcs  D  log_saver already enabled
2026-04-19 18:38:49.367 27599-27734 WM-ForceStopRunnable    com.google.android.apps.messaging    D  Found unfinished work, scheduling it.
2026-04-19 18:38:49.368 21827-21873 WearableService         com.google.android.gms.persistent    I  onCreate: Wearable Services not starting. Wear is not available on this device.
2026-04-19 18:38:49.370 27371-27610 BugleRcsEngine          com...le.android.apps.messaging:rcs  I  RcsEngine SipConnectionType set to DUAL_REG [CONTEXT thread_id=97 ]
2026-04-19 18:38:49.371 27371-27610 BugleRcsEngine          com...le.android.apps.messaging:rcs  I  instantiated in package: com.google.android.apps.messaging [CONTEXT log_prefix="RcsEngineImpl[DUAL_REG]:[75b06531-beaa]" thread_id=97 ]
2026-04-19 18:38:49.371 27891-27891 nativeloader            com.android.chrome                   D  Load libframework-connectivity-tiramisu-jni.so using APEX ns com_android_tethering for caller /apex/com.android.tethering/javalib/framework-connectivity-t.jar: ok
2026-04-19 18:38:49.377 27371-27610 BugleRcsEngine          com...le.android.apps.messaging:rcs  I  setting active RCS Engine to DUAL_REG instance [CONTEXT log_prefix="RcsEngineProxyImpl:[534e5fdc-79a0]" thread_id=97 ]
2026-04-19 18:38:49.377 27371-27610 BugleRcsEngine          com...le.android.apps.messaging:rcs  I  Initializing RcsEngine. [CONTEXT log_prefix="RcsEngineImpl[DUAL_REG]:[75b06531-beaa]" thread_id=97 ]
2026-04-19 18:38:49.393 27599-27734 JobInfo                 com.google.android.apps.messaging    W  Requested important-while-foreground flag for job1269 is ignored and takes no effect
2026-04-19 18:38:49.403   762-1095  Background...rolService system_server                        D  Package event received: 0
2026-04-19 18:38:49.405   762-1618  ConnectivityService     system_server                        D  requestNetwork for uid/pid:10144/27371 activeRequest: null callbackRequest: 711 [NetworkRequest [ TRACK_DEFAULT id=712, [ Capabilities: INTERNET&NOT_RESTRICTED&TRUSTED&NOT_VCN_MANAGED&NOT_BANDWIDTH_CONSTRAINED Uid: 10144 RequestorUid: 10144 RequestorPkg: com.google.android.apps.messaging UnderlyingNetworks: Null] ], NetworkRequest [ REQUEST id=713, [ Transports: SATELLITE Capabilities: INTERNET&TRUSTED&NOT_VCN_MANAGED Uid: 10144 RequestorUid: 10144 RequestorPkg: com.google.android.apps.messaging UnderlyingNetworks: Null] ]] callback flags: 0 order: 2147483647 isUidTracked: false declaredMethods: AVAIL|LOSING|LOST|NC
2026-04-19 18:38:49.410   762-1023  ConnectivityService     system_server                        D  NetReassign [712 : null → 100] [c 0] [a 0] [i 1]
2026-04-19 18:38:49.411 27371-27595 BugleRcsEngine          com...le.android.apps.messaging:rcs  I  Connected state: [1], networkType: [MOBILE] [CONTEXT thread_id=94 ]
2026-04-19 18:38:49.412 27371-27610 BugleRcsEngine          com...le.android.apps.messaging:rcs  I  Initializing RBM resource permissions. [CONTEXT log_prefix="RcsEngineImpl[DUAL_REG]:[75b06531-beaa]" thread_id=97 ]
2026-04-19 18:38:49.418 27891-27891 CompatChangeReporter    com.android.chrome                   D  Compat change id reported: 242716250; UID 10149; state: ENABLED
2026-04-19 18:38:49.433 27599-27734 WM-SystemJobScheduler   com.google.android.apps.messaging    D  Scheduling work ID f89a735f-99c7-4857-be2d-eb1a50775f2eJob ID 1269
2026-04-19 18:38:49.438 27891-27891 .android.chrome         com.android.chrome                   W  Failed to find entry 'classes.dex': Entry not found
2026-04-19 18:38:49.439 27371-27595 BugleRcsEngine          com...le.android.apps.messaging:rcs  I  Connected state: [1], networkType: [MOBILE] [CONTEXT thread_id=94 ]
2026-04-19 18:38:49.442 27891-27891 nativeloader            com.android.chrome                   D  Configuring clns-9 for other apk /data/app/~~O40w1Ad7LGdVOKniBvdP7w==/com.google.android.trichromelibrary_694313738-vbwt8l5sDmKlha3pMsbBjg==/TrichromeLibrary.apk. target_sdk_version=34, uses_libraries=ALL, library_path=/data/app/~~EPp7jJ69JeZk_c2iyEKjkg==/com.android.chrome-rEXiDkZtrMEHuRXok77K_Q==/lib/x86_64:/data/app/~~EPp7jJ69JeZk_c2iyEKjkg==/com.android.chrome-rEXiDkZtrMEHuRXok77K_Q==/Chrome.apk!/lib/x86_64:/data/app/~~O40w1Ad7LGdVOKniBvdP7w==/com.google.android.trichromelibrary_694313738-vbwt8l5sDmKlha3pMsbBjg==/TrichromeLibrary.apk!/lib/x86_64, permitted_path=/data:/mnt/expand:/data/user/0/com.android.chrome
2026-04-19 18:38:49.445 27371-27907 BugleRcsEngine          com...le.android.apps.messaging:rcs  I  handleMessage processing message:[NOTIFY_UPTIME_IGNORE_STATE_CHANGED] with [non-null]:RcsEngineImpl reference [CONTEXT log_prefix="RcsEngineImpl[DUAL_REG]:[75b06531-beaa]>Handler" thread_id=102 ]
2026-04-19 18:38:49.451 27317-27651 AiAiNowPlaying          com.google.android.as                I  Registering Now Playing population: NOW_PLAYING_USAGE_WEEKLY
2026-04-19 18:38:49.451 27371-27610 ashmem                  com...le.android.apps.messaging:rcs  E  Pinning is deprecated since Android Q. Please use trim or other methods.
2026-04-19 18:38:49.456 27599-27734 JobInfo                 com.google.android.apps.messaging    W  Requested important-while-foreground flag for job1013 is ignored and takes no effect
2026-04-19 18:38:49.463 27599-27734 WM-SystemJobScheduler   com.google.android.apps.messaging    D  Scheduling work ID 1b3f695a-7767-4179-9ae1-4d504ecfdf6cJob ID 1013
2026-04-19 18:38:49.475 27382-27658 egwz                    com...oglequicksearchbox:interactor  I  (REDACTED) Configuration=%s changed; frontend=%s is not running.
2026-04-19 18:38:49.482 27371-27907 BugleRcsEngine          com...le.android.apps.messaging:rcs  I  RCS Configuration storage in Bugle is disabled by p/h flag, using ProvisioningEngineStateCache.getProvisioningConfigurationForGivenSimIfExist() [CONTEXT log_prefix="ProvisioningEngineDataRetriever" thread_id=102 ]
2026-04-19 18:38:49.491 27599-27734 JobInfo                 com.google.android.apps.messaging    W  Requested important-while-foreground flag for job1328 is ignored and takes no effect
2026-04-19 18:38:49.491 27599-27734 WM-SystemJobScheduler   com.google.android.apps.messaging    D  Scheduling work ID f1b0b66f-f534-49ad-83d3-13c49563b2c9Job ID 1328
2026-04-19 18:38:49.493 27891-27891 nativeloader            com.android.chrome                   D  Configuring clns-10 for other apk /data/app/~~EPp7jJ69JeZk_c2iyEKjkg==/com.android.chrome-rEXiDkZtrMEHuRXok77K_Q==/Chrome.apk. target_sdk_version=34, uses_libraries=, library_path=/data/app/~~EPp7jJ69JeZk_c2iyEKjkg==/com.android.chrome-rEXiDkZtrMEHuRXok77K_Q==/lib/x86_64:/data/app/~~EPp7jJ69JeZk_c2iyEKjkg==/com.android.chrome-rEXiDkZtrMEHuRXok77K_Q==/Chrome.apk!/lib/x86_64:/data/app/~~O40w1Ad7LGdVOKniBvdP7w==/com.google.android.trichromelibrary_694313738-vbwt8l5sDmKlha3pMsbBjg==/TrichromeLibrary.apk!/lib/x86_64, permitted_path=/data:/mnt/expand:/data/user/0/com.android.chrome
2026-04-19 18:38:49.495 21827-22020 WearableService         com.google.android.gms.persistent    W  onGetService: Wear is not available on this device.
2026-04-19 18:38:49.502 27317-27669 TrainerClient           com.google.android.as                I  Preparing to schedule training for population:aiai/playstore/smartselect/train/en/address-or-pasted-to-shopping-apps session_name:smartselect/train/en/address-or-pasted-to-shopping-apps
2026-04-19 18:38:49.503 27317-27669 TrainerClient           com.google.android.as                I  Preparing to schedule training for population:aiai/playstore/smartselect/train/all/all_nonsentences session_name:smartselect/train/all/all_nonsentences
2026-04-19 18:38:49.504 27317-27669 TrainerClient           com.google.android.as                I  Preparing to schedule training for population:aiai/playstore/smartselect/train/en/all-pasted-to-none-messaging-apps session_name:smartselect/train/en/all-pasted-to-none-messaging-apps
2026-04-19 18:38:49.504 27682-27846 System.err              com.google.android.as.oss            W  Seeding context with ref: 7132358
2026-04-19 18:38:49.504 27317-27669 TrainerClient           com.google.android.as                I  Preparing to schedule training for population:aiai/playstore/smartselect/train/en/all_nonsentences session_name:smartselect/train/en/all_nonsentences
2026-04-19 18:38:49.504 27682-27818 System.err              com.google.android.as.oss            W  Seeding context with ref: 240065671
2026-04-19 18:38:49.505 27317-27669 TrainerClient           com.google.android.as                I  Preparing to schedule training for population:aiai/playstore/smartselect/train/en/address-phone-other session_name:smartselect/train/en/address-phone-other
2026-04-19 18:38:49.505 27682-27849 System.err              com.google.android.as.oss            W  Seeding context with ref: 164263860
2026-04-19 18:38:49.505 27317-27669 TrainerClient           com.google.android.as                I  Preparing to schedule training for population:aiai/playstore/smartselect/train/en/address-phone-or-selected-in-non-messaging-apps session_name:smartselect/train/en/address-phone-or-selected-in-non-messaging-apps
2026-04-19 18:38:49.506 27682-27855 System.err              com.google.android.as.oss            W  Seeding context with ref: 82182109
2026-04-19 18:38:49.506 27317-27669 TrainerClient           com.google.android.as                I  Preparing to schedule training for population:aiai/playstore/smartselect/train/en/selected-in-non-messaging-apps session_name:smartselect/train/en/selected-in-non-messaging-apps
2026-04-19 18:38:49.506 27382-27632 bosm                    com...oglequicksearchbox:interactor  I  OptInSetting is UNKNOWN or UNRECOGNIZED [CONTEXT ratelimit_period="10 SECONDS" ]
2026-04-19 18:38:49.507 27317-27669 TrainerClient           com.google.android.as                I  Preparing to schedule training for population:aiai/playstore/smartselect/train/en/pasted-to-maps-apps session_name:smartselect/train/en/pasted-to-maps-apps
2026-04-19 18:38:49.508 27317-27669 TrainerClient           com.google.android.as                I  Preparing to schedule training for population:aiai/playstore/smartselect/train/en/all-non-translate session_name:smartselect/train/en/all-non-translate
2026-04-19 18:38:49.508 27317-27669 TrainerClient           com.google.android.as                I  Preparing to schedule training for population:aiai/playstore/smartselect/train/en/address-phone-or-pasted-to-non-messaging-apps session_name:smartselect/train/en/address-phone-or-pasted-to-non-messaging-apps
2026-04-19 18:38:49.508 27317-27669 TrainerClient           com.google.android.as                I  Preparing to schedule training for population:aiai/playstore/smartselect/train/en/pasted-to-named-entity-apps session_name:smartselect/train/en/pasted-to-named-entity-apps
2026-04-19 18:38:49.509 27682-27833 System.err              com.google.android.as.oss            W  Seeding context with ref: 198276946
2026-04-19 18:38:49.509 27682-27845 System.err              com.google.android.as.oss            W  Seeding context with ref: 100071971
2026-04-19 18:38:49.509 27317-27669 TrainerClient           com.google.android.as                I  Preparing to schedule training for population:aiai/playstore/smartselect/train/en/address-phone-other-translate session_name:smartselect/train/en/address-phone-other-translate
2026-04-19 18:38:49.509 27682-27853 System.err              com.google.android.as.oss            W  Seeding context with ref: 74537760
2026-04-19 18:38:49.509 27317-27669 TrainerClient           com.google.android.as                I  Preparing to schedule training for population:aiai/playstore/smartselect/train/en/pasted-to-translate-apps session_name:smartselect/train/en/pasted-to-translate-apps
2026-04-19 18:38:49.510 27682-27830 System.err              com.google.android.as.oss            W  Seeding context with ref: 147307737
2026-04-19 18:38:49.510 27682-27840 System.err              com.google.android.as.oss            W  Seeding context with ref: 23836318
2026-04-19 18:38:49.510 27682-27835 System.err              com.google.android.as.oss            W  Seeding context with ref: 146085247
2026-04-19 18:38:49.511 27317-27669 TrainerClient           com.google.android.as                I  Preparing to schedule training for population:aiai/playstore/smartselect/train/en/all-non-url-email session_name:smartselect/train/en/all-non-url-email
2026-04-19 18:38:49.511 27317-27669 TrainerClient           com.google.android.as                I  Preparing to schedule training for population:aiai/playstore/smartselect/train/en/pasted-to-search-apps session_name:smartselect/train/en/pasted-to-search-apps
2026-04-19 18:38:49.512 27317-27669 TrainerClient           com.google.android.as                I  Preparing to schedule training for population:aiai/playstore/smartselect/train/en/address-phone-or-selected-in-messaging-apps session_name:smartselect/train/en/address-phone-or-selected-in-messaging-apps
2026-04-19 18:38:49.512 27682-27843 System.err              com.google.android.as.oss            W  Seeding context with ref: 14747980
2026-04-19 18:38:49.513 27682-27841 System.err              com.google.android.as.oss            W  Seeding context with ref: 225332629
2026-04-19 18:38:49.513 27317-27669 TrainerClient           com.google.android.as                I  Preparing to schedule training for population:aiai/playstore/smartselect/train/en/pasted-to-search-or-browser-or-named-entity-apps session_name:smartselect/train/en/pasted-to-search-or-browser-or-named-entity-apps
2026-04-19 18:38:49.513 27682-27844 System.err              com.google.android.as.oss            W  Seeding context with ref: 165191338
2026-04-19 18:38:49.513 27317-27669 TrainerClient           com.google.android.as                I  Preparing to schedule training for population:aiai/playstore/smartselect/train/en/pasted-to-search-or-browser-apps session_name:smartselect/train/en/pasted-to-search-or-browser-apps
2026-04-19 18:38:49.514 27317-27669 TrainerClient           com.google.android.as                I  Preparing to schedule training for population:aiai/playstore/smartselect/train/en/address-phone-otp session_name:smartselect/train/en/address-phone-otp
2026-04-19 18:38:49.515 27317-27669 TrainerClient           com.google.android.as                I  Preparing to schedule training for population:aiai/playstore/smartselect/train/en/all-pasted-to-apps session_name:smartselect/train/en/all-pasted-to-apps
2026-04-19 18:38:49.515 27317-27669 TrainerClient           com.google.android.as                I  Preparing to schedule training for population:aiai/playstore/smartselect/train/en/address-otp-copied session_name:smartselect/train/en/address-otp-copied
2026-04-19 18:38:49.516 27317-27669 TrainerClient           com.google.android.as                I  Preparing to schedule training for population:aiai/playstore/smartselect/train/en/all-non-url-email-cut-translate session_name:smartselect/train/en/all-non-url-email-cut-translate
2026-04-19 18:38:49.516 27317-27669 TrainerClient           com.google.android.as                I  Preparing to schedule training for population:aiai/playstore/smartselect/train/en/address-otp session_name:smartselect/train/en/address-otp
2026-04-19 18:38:49.516 27682-27834 System.err              com.google.android.as.oss            W  Seeding context with ref: 51350171
2026-04-19 18:38:49.516 27317-27669 TrainerClient           com.google.android.as                I  Preparing to schedule training for population:aiai/playstore/smartselect/train/en/all-non-url-email-cut session_name:smartselect/train/en/all-non-url-email-cut
2026-04-19 18:38:49.517 27317-27669 TrainerClient           com.google.android.as                I  Preparing to schedule training for population:aiai/playstore/smartselect/train/all/all session_name:smartselect/train/all/all
2026-04-19 18:38:49.517 27317-27669 TrainerClient           com.google.android.as                I  Preparing to schedule training for population:aiai/playstore/smartselect/train/en/phone-or-pasted-to-dialer-apps session_name:smartselect/train/en/phone-or-pasted-to-dialer-apps
2026-04-19 18:38:49.518 27891-27891 .android.chrome         com.android.chrome                   I  AssetManager2(0x7921f103a138) locale list changing from [] to [en-US]
2026-04-19 18:38:49.518 27317-27669 TrainerClient           com.google.android.as                I  Preparing to schedule training for population:aiai/playstore/smartselect/train/en/address-or-pasted-to-map-or-shopping-apps session_name:smartselect/train/en/address-or-pasted-to-map-or-shopping-apps
2026-04-19 18:38:49.521 27682-27852 System.err              com.google.android.as.oss            W  Seeding context with ref: 146501176
2026-04-19 18:38:49.528 27682-27916 System.err              com.google.android.as.oss            W  Seeding context with ref: 50485506
2026-04-19 18:38:49.529 27682-27848 System.err              com.google.android.as.oss            W  Seeding context with ref: 145404435
2026-04-19 18:38:49.531 27317-27669 TrainerClient           com.google.android.as                I  Preparing to schedule training for population:aiai/playstore/smartselect/train/en/address-phone session_name:smartselect/train/en/address-phone
2026-04-19 18:38:49.531 27317-27669 TrainerClient           com.google.android.as                I  Preparing to schedule training for population:aiai/playstore/smartselect/train/en/address session_name:smartselect/train/en/address
2026-04-19 18:38:49.538 27891-27891 GraphicsEnvironment     com.android.chrome                   V  Currently set values for:
2026-04-19 18:38:49.538 27891-27891 GraphicsEnvironment     com.android.chrome                   V    angle_gl_driver_selection_pkgs=[]
2026-04-19 18:38:49.538 27891-27891 GraphicsEnvironment     com.android.chrome                   V    angle_gl_driver_selection_values=[]
2026-04-19 18:38:49.538 27891-27891 GraphicsEnvironment     com.android.chrome                   V  com.android.chrome is not listed in per-application setting
2026-04-19 18:38:49.538 27891-27891 GraphicsEnvironment     com.android.chrome                   V  ANGLE allowlist from config: com.dreamgames.royalmatch com.dts.freefiremax com.dxx.firenow com.gramgames.mergedragons com.ludo.king com.mojang.minecraftpe com.my.defense com.nintendo.zaka com.os.airforce com.playrix.fishdomdd.gplay io.teslatech.callbreak jp.konami.prospia net.peakgames.toonblast
2026-04-19 18:38:49.538 27891-27891 GraphicsEnvironment     com.android.chrome                   V  com.android.chrome is not listed in ANGLE allowlist or settings, returning default
2026-04-19 18:38:49.539 27891-27891 GraphicsEnvironment     com.android.chrome                   V  Neither updatable production driver nor prerelease driver is supported.
2026-04-19 18:38:49.549 27682-27914 System.err              com.google.android.as.oss            W  Seeding context with ref: 117739081
2026-04-19 18:38:49.549 27891-27891 LoadedApk               com.android.chrome                   I  No resource references to update in package com.google.android.trichromelibrary
2026-04-19 18:38:49.552 27891-27891 cr_SplitCompatApp       com.android.chrome                   I  version=133.0.6943.137 (694313738) minSdkVersion=29 isBundle=false processName=com.android.chrome isIsolatedProcess=false
2026-04-19 18:38:49.555 27728-27749 A                       com...d.googlequicksearchbox:search  I  Calling beginBinderSession().
2026-04-19 18:38:49.563 27317-27547 CameraManagerGlobal     com.google.android.as                I  Connecting to camera service
2026-04-19 18:38:49.566 27682-27919 System.err              com.google.android.as.oss            W  Seeding context with ref: 257908092
2026-04-19 18:38:49.571 27682-27851 System.err              com.google.android.as.oss            W  Seeding context with ref: 48488468
2026-04-19 18:38:49.574 27682-27915 System.err              com.google.android.as.oss            W  Seeding context with ref: 145407361
2026-04-19 18:38:49.574 27371-27907 BugleRcsEngine          com...le.android.apps.messaging:rcs  I  handleMessage processing message:[NOTIFY_UPTIME_IGNORE_STATE_CHANGED] with [non-null]:RcsEngineImpl reference [CONTEXT log_prefix="RcsEngineImpl[DUAL_REG]:[75b06531-beaa]>Handler" thread_id=102 ]
2026-04-19 18:38:49.576 27371-27907 BugleRcsEngine          com...le.android.apps.messaging:rcs  I  RCS Configuration storage in Bugle is disabled by p/h flag, using ProvisioningEngineStateCache.getProvisioningConfigurationForGivenSimIfExist() [CONTEXT log_prefix="ProvisioningEngineDataRetriever" thread_id=102 ]
2026-04-19 18:38:49.577 27682-27925 System.err              com.google.android.as.oss            W  Seeding context with ref: 214216893
2026-04-19 18:38:49.578 27682-27855 FederatedT...gScheduler com.google.android.as.oss            I  Cancelling training for population:aiai/playstore/smartselect/train/en/address-phone-other session_name:smartselect/train/en/address-phone-other
2026-04-19 18:38:49.579 27682-27840 FederatedT...gScheduler com.google.android.as.oss            I  Cancelling training for population:aiai/playstore/smartselect/train/en/address-phone-other-translate session_name:smartselect/train/en/address-phone-other-translate
2026-04-19 18:38:49.580 27682-27848 FederatedT...gScheduler com.google.android.as.oss            I  Cancelling training for population:aiai/playstore/smartselect/train/en/pasted-to-search-or-browser-or-named-entity-apps session_name:smartselect/train/en/pasted-to-search-or-browser-or-named-entity-apps
2026-04-19 18:38:49.581 27682-27841 FederatedT...gScheduler com.google.android.as.oss            I  Cancelling training for population:aiai/playstore/smartselect/train/en/pasted-to-search-apps session_name:smartselect/train/en/pasted-to-search-apps
2026-04-19 18:38:49.582 27682-27852 FederatedT...gScheduler com.google.android.as.oss            I  Cancelling training for population:aiai/playstore/smartselect/train/en/address-phone-or-selected-in-messaging-apps session_name:smartselect/train/en/address-phone-or-selected-in-messaging-apps
2026-04-19 18:38:49.583 27682-27921 System.err              com.google.android.as.oss            W  Seeding context with ref: 92629607
2026-04-19 18:38:49.583 27682-27843 FederatedT...gScheduler com.google.android.as.oss            I  Cancelling training for population:aiai/playstore/smartselect/train/en/pasted-to-translate-apps session_name:smartselect/train/en/pasted-to-translate-apps
2026-04-19 18:38:49.584 27682-27833 FederatedT...gScheduler com.google.android.as.oss            I  Cancelling training for population:aiai/playstore/smartselect/train/en/address-phone-or-pasted-to-non-messaging-apps session_name:smartselect/train/en/address-phone-or-pasted-to-non-messaging-apps
2026-04-19 18:38:49.584 27682-27921 FederatedT...gScheduler com.google.android.as.oss            I  Cancelling training for population:aiai/playstore/smartselect/train/en/all-non-url-email-cut session_name:smartselect/train/en/all-non-url-email-cut
2026-04-19 18:38:49.585 27682-27834 FederatedT...gScheduler com.google.android.as.oss            I  Cancelling training for population:aiai/playstore/smartselect/train/en/address-or-pasted-to-shopping-apps session_name:smartselect/train/en/address-or-pasted-to-shopping-apps
2026-04-19 18:38:49.586 27682-27845 FederatedT...gScheduler com.google.android.as.oss            I  Cancelling training for population:aiai/playstore/smartselect/train/en/all-non-translate session_name:smartselect/train/en/all-non-translate
2026-04-19 18:38:49.588 27682-27818 FederatedT...gScheduler com.google.android.as.oss            I  Cancelling training for population:aiai/playstore/smartselect/train/en/all-pasted-to-none-messaging-apps session_name:smartselect/train/en/all-pasted-to-none-messaging-apps
2026-04-19 18:38:49.588 27682-27915 FederatedT...gScheduler com.google.android.as.oss            I  Cancelling training for population:aiai/playstore/smartselect/train/en/address-phone-otp session_name:smartselect/train/en/address-phone-otp
2026-04-19 18:38:49.589 27682-27914 FederatedT...gScheduler com.google.android.as.oss            I  Cancelling training for population:aiai/playstore/smartselect/train/en/pasted-to-search-or-browser-apps session_name:smartselect/train/en/pasted-to-search-or-browser-apps
2026-04-19 18:38:49.595 27728-27728 fsoa                    com...d.googlequicksearchbox:search  I  (REDACTED) Scoped context discovery schemas: %s.
2026-04-19 18:38:49.600 27682-27916 FederatedT...gScheduler com.google.android.as.oss            I  Cancelling training for population:aiai/playstore/smartselect/train/en/all-pasted-to-apps session_name:smartselect/train/en/all-pasted-to-apps
2026-04-19 18:38:49.609 27728-27728 fnwz                    com...d.googlequicksearchbox:search  I  (REDACTED) Created gRPC endpoint for service %s
2026-04-19 18:38:49.610 27682-27846 FederatedT...gScheduler com.google.android.as.oss            I  Cancelling training for population:aiai/playstore/smartselect/train/all/all_nonsentences session_name:smartselect/train/all/all_nonsentences
2026-04-19 18:38:49.614 27682-27853 FederatedT...gScheduler com.google.android.as.oss            I  Cancelling training for population:aiai/playstore/smartselect/train/en/pasted-to-named-entity-apps session_name:smartselect/train/en/pasted-to-named-entity-apps
2026-04-19 18:38:49.614 27682-27926 System.err              com.google.android.as.oss            W  Seeding context with ref: 154545702
2026-04-19 18:38:49.615 27682-27926 FederatedT...gScheduler com.google.android.as.oss            I  Cancelling training for population:aiai/playstore/smartselect/train/en/address session_name:smartselect/train/en/address
2026-04-19 18:38:49.618 27682-27835 FederatedT...gScheduler com.google.android.as.oss            I  Cancelling training for population:aiai/playstore/smartselect/train/en/address-phone-or-selected-in-non-messaging-apps session_name:smartselect/train/en/address-phone-or-selected-in-non-messaging-apps
2026-04-19 18:38:49.618 27682-27922 System.err              com.google.android.as.oss            W  Seeding context with ref: 214369970
2026-04-19 18:38:49.619 27682-27922 FederatedT...gScheduler com.google.android.as.oss            I  Cancelling training for population:aiai/playstore/smartselect/train/all/all session_name:smartselect/train/all/all
2026-04-19 18:38:49.620 27682-27918 System.err              com.google.android.as.oss            W  Seeding context with ref: 74728963
2026-04-19 18:38:49.620 27682-27923 System.err              com.google.android.as.oss            W  Seeding context with ref: 204007808
2026-04-19 18:38:49.621 27682-27923 FederatedT...gScheduler com.google.android.as.oss            I  Cancelling training for population:aiai/playstore/smartselect/train/en/phone-or-pasted-to-dialer-apps session_name:smartselect/train/en/phone-or-pasted-to-dialer-apps
2026-04-19 18:38:49.621 27682-27924 System.err              com.google.android.as.oss            W  Seeding context with ref: 227580857
2026-04-19 18:38:49.621 27682-27924 FederatedT...gScheduler com.google.android.as.oss            I  Cancelling training for population:aiai/playstore/smartselect/train/en/address-or-pasted-to-map-or-shopping-apps session_name:smartselect/train/en/address-or-pasted-to-map-or-shopping-apps
2026-04-19 18:38:49.622 27682-27920 System.err              com.google.android.as.oss            W  Seeding context with ref: 1760254
2026-04-19 18:38:49.622 27682-27920 FederatedT...gScheduler com.google.android.as.oss            I  Cancelling training for population:aiai/playstore/smartselect/train/en/address-otp session_name:smartselect/train/en/address-otp
2026-04-19 18:38:49.623 27682-27830 FederatedT...gScheduler com.google.android.as.oss            I  Cancelling training for population:aiai/playstore/smartselect/train/en/selected-in-non-messaging-apps session_name:smartselect/train/en/selected-in-non-messaging-apps
2026-04-19 18:38:49.632 27682-27849 FederatedT...gScheduler com.google.android.as.oss            I  Cancelling training for population:aiai/playstore/smartselect/train/en/all_nonsentences session_name:smartselect/train/en/all_nonsentences
2026-04-19 18:38:49.635 27682-27925 FederatedT...gScheduler com.google.android.as.oss            I  Cancelling training for population:aiai/playstore/smartselect/train/en/address-phone session_name:smartselect/train/en/address-phone
2026-04-19 18:38:49.636 27682-27919 FederatedT...gScheduler com.google.android.as.oss            I  Cancelling training for population:aiai/playstore/smartselect/train/en/all-non-url-email-cut-translate session_name:smartselect/train/en/all-non-url-email-cut-translate
2026-04-19 18:38:49.641 27682-27918 FederatedT...gScheduler com.google.android.as.oss            I  Cancelling training for population:aiai/playstore/smartselect/train/en/address-otp-copied session_name:smartselect/train/en/address-otp-copied
2026-04-19 18:38:49.641 27682-27844 FederatedT...gScheduler com.google.android.as.oss            I  Cancelling training for population:aiai/playstore/smartselect/train/en/pasted-to-maps-apps session_name:smartselect/train/en/pasted-to-maps-apps
2026-04-19 18:38:49.651 27682-27851 FederatedT...gScheduler com.google.android.as.oss            I  Cancelling training for population:aiai/playstore/smartselect/train/en/all-non-url-email session_name:smartselect/train/en/all-non-url-email
2026-04-19 18:38:49.658 27317-27774 AiAiEcho                com.google.android.as                E  Reading elements from Geller failed with cause (Fix with AI)
                                                                                                    ilw: Code: UNKNOWN, Message: Geller data fetch is not enabled
                                                                                                    	at imn.a(PG:17)
                                                                                                    	at lhh.b(PG:20)
                                                                                                    	at abge.g(PG:11)
                                                                                                    	at kotlinx.coroutines.DispatchedTask.run(PG:112)
                                                                                                    	at java.util.concurrent.Executors$RunnableAdapter.call(Executors.java:524)
                                                                                                    	at xjo.a(PG:3)
                                                                                                    	at xir.run(PG:19)
                                                                                                    	at xjp.run(PG:5)
                                                                                                    	at java.util.concurrent.Executors$RunnableAdapter.call(Executors.java:524)
                                                                                                    	at java.util.concurrent.FutureTask.run(FutureTask.java:317)
                                                                                                    	at java.util.concurrent.ScheduledThreadPoolExecutor$ScheduledFutureTask.run(ScheduledThreadPoolExecutor.java:348)
                                                                                                    	at java.util.concurrent.ThreadPoolExecutor.runWorker(ThreadPoolExecutor.java:1156)
                                                                                                    	at java.util.concurrent.ThreadPoolExecutor$Worker.run(ThreadPoolExecutor.java:651)
                                                                                                    	at hxw.run(PG:221)
                                                                                                    	at java.lang.Thread.run(Thread.java:1119)
2026-04-19 18:38:49.665 27599-27734 JobInfo                 com.google.android.apps.messaging    W  Requested important-while-foreground flag for job1331 is ignored and takes no effect
2026-04-19 18:38:49.665 27599-27734 WM-SystemJobScheduler   com.google.android.apps.messaging    D  Scheduling work ID 95ef3d58-7e99-43b6-80c8-c4f50dae9500Job ID 1331
2026-04-19 18:38:49.695  1166-1318  VRI[chrome]             com.android.systemui                 D  visibilityChanged oldVisibility=false newVisibility=true
2026-04-19 18:38:49.701 21827-21875 .gms.persistent         com.google.android.gms.persistent    I  AssetManager2(0x7921f1042158) locale list changing from [] to [en-US]
2026-04-19 18:38:49.711 27317-27654 SP.AiAi                 com.google.android.as                I  Scheduling: download registered, 0 started, 0 paused, 1 scheduled, 6 pending: manifests:spelling_correction-22110320 {W:C:I:l, bg}, manifests:captions_i18n_v0_background-20240825 * {W:b:u:l, bg}, manifests:kg_collections_table-21051103 {W:C:I:l, bg}, manifests:text-classifier-annotator-272525175 {W:C:I:l, bg}, manifests:text-classifier-actions-1140547708 {W:C:I:l, bg}, manifests:text-classifier-langid-1941001461 {W:C:I:l, bg}
2026-04-19 18:38:49.712 27371-27610 BugleRcsEngine          com...le.android.apps.messaging:rcs  D  log_saver already enabled
2026-04-19 18:38:49.714  8820-8888  .apps.wellbeing         com.google.android.apps.wellbeing    I  AssetManager2(0x7921f1034698) locale list changing from [] to [en-US]
2026-04-19 18:38:49.715 27891-27891 .android.chrome         com.android.chrome                   I  AssetManager2(0x7921f1035958) locale list changing from [] to [en-US]
2026-04-19 18:38:49.724 27891-27891 .android.chrome         com.android.chrome                   I  AssetManager2(0x7921f1036c18) locale list changing from [] to [en-US]
2026-04-19 18:38:49.731 27317-27654 SP.AiAi                 com.google.android.as                I  Registering spelling_correction.22110320, url: https://www.gstatic.com/nasa/apps/pack_spelling_checker_11032022/22110320/2/en-us/superpacks_manifest.zip, constraints: W:*:I:*, flags: *, requested: 22110320, current: -1
2026-04-19 18:38:49.735 27599-27734 JobInfo                 com.google.android.apps.messaging    W  Requested important-while-foreground flag for job1027 is ignored and takes no effect
2026-04-19 18:38:49.736 27599-27734 WM-SystemJobScheduler   com.google.android.apps.messaging    D  Scheduling work ID a04822c8-130d-440a-b417-88b061dd1519Job ID 1027
2026-04-19 18:38:49.740   762-1095  Background...rolService system_server                        D  Package event received: 0
