2026-04-19 18:38:50.377 27599-27785 WM-NetworkStateTracker  com.google.android.apps.messaging    D  Registering network callback
2026-04-19 18:38:50.386 27891-27954 nativeloader            com.android.chrome                   D  Load /data/app/~~O40w1Ad7LGdVOKniBvdP7w==/com.google.android.trichromelibrary_694313738-vbwt8l5sDmKlha3pMsbBjg==/TrichromeLibrary.apk!/lib/x86_64/libmonochrome_64.so using class loader ns clns-10 (caller=/data/app/~~EPp7jJ69JeZk_c2iyEKjkg==/com.android.chrome-rEXiDkZtrMEHuRXok77K_Q==/Chrome.apk): ok
2026-04-19 18:38:50.413   521-521   BpTransact...edListener surfaceflinger                       E  Failed to transact (-32)
2026-04-19 18:38:50.403 27325-27325 b/387844520             com...le.android.apps.nexuslauncher  D  getOutlineOffsetX: measured width = 0, mNormalizedIconSize = 159, last updated width = 0
2026-04-19 18:38:50.426 27325-27325 Launcher.Workspace      com...le.android.apps.nexuslauncher  D  addInScreenFromBind: hotseat inflation with x = 3 and y = 0
2026-04-19 18:38:50.426 27325-27325 CellLayout              com...le.android.apps.nexuslauncher  D  Adding view to ShortcutsAndWidgetsContainer: com.android.launcher3.uioverrides.PredictedAppIcon{2825522 VFED..C.. ......ID 0,0-0,0}
2026-04-19 18:38:50.429 27682-27783 TrainerGrp...bleService com.google.android.as.oss            I  Cancelling training succeeded [population=aiai/playstore/smartselect/prod/train/en/address-or-pasted-to-shopping-apps, session=smartselect/prod/train/en/address-or-pasted-to-shopping-apps]
2026-04-19 18:38:50.430 27891-27945 .android.chrome         com.android.chrome                   I  AssetManager2(0x7921f10362b8) locale list changing from [] to [en-US]
2026-04-19 18:38:50.433 27891-27945 .android.chrome         com.android.chrome                   I  AssetManager2(0x7921f103a458) locale list changing from [] to [en-US]
2026-04-19 18:38:50.433 21827-21903 FontLog                 com.google.android.gms.persistent    I  (REDACTED) Fetch %s end status %s
2026-04-19 18:38:50.434 27317-27330 ogle.android.as         com.google.android.as                W  Suspending all threads took: 282.680ms
2026-04-19 18:38:50.436 27891-27954 cr_LibraryLoader        com.android.chrome                   I  Successfully loaded native library
2026-04-19 18:38:50.437 27891-27954 cr_CachingUmaRecorder   com.android.chrome                   I  Flushed 13 samples from 12 histograms, 0 samples were dropped.
2026-04-19 18:38:50.443 27891-27891 HWUI                    com.android.chrome                   W  Image decoding logging dropped!
2026-04-19 18:38:50.447 21827-21903 FontLog                 com.google.android.gms.persistent    I  (REDACTED) Pulling font file for id = %d, cache size = %d
2026-04-19 18:38:50.449 27955-27955 nativeloader            com.google.android.apps.wallpaper    D  Load libframework-connectivity-tiramisu-jni.so using APEX ns com_android_tethering for caller /apex/com.android.tethering/javalib/framework-connectivity-t.jar: ok
2026-04-19 18:38:50.451   762-2246  ConnectivityService     system_server                        D  requestNetwork for uid/pid:10144/27599 activeRequest: null callbackRequest: 714 [NetworkRequest [ TRACK_DEFAULT id=715, [ Capabilities: INTERNET&NOT_RESTRICTED&TRUSTED&NOT_VCN_MANAGED&NOT_BANDWIDTH_CONSTRAINED Uid: 10144 RequestorUid: 10144 RequestorPkg: com.google.android.apps.messaging UnderlyingNetworks: Null] ], NetworkRequest [ REQUEST id=716, [ Transports: SATELLITE Capabilities: INTERNET&TRUSTED&NOT_VCN_MANAGED Uid: 10144 RequestorUid: 10144 RequestorPkg: com.google.android.apps.messaging UnderlyingNetworks: Null] ]] callback flags: 0 order: 2147483647 isUidTracked: false declaredMethods: AVAIL|LOST|NC
2026-04-19 18:38:50.455 27891-27928 chromium                com.android.chrome                   E  [ERROR:library_prefetcher.cc(66)] mincore() failed: Invalid argument (22)
2026-04-19 18:38:50.455 27891-27891 HWUI                    com.android.chrome                   W  Image decoding logging dropped!
2026-04-19 18:38:50.462 27599-27726 WM-ConstraintTracker    com.google.android.apps.messaging    D  pxc: initial state = false
2026-04-19 18:38:50.462 27599-27726 WM-BrdcstRcvrCnstrntTrc com.google.android.apps.messaging    D  pxc: registering receiver
2026-04-19 18:38:50.429 27682-27783 System.err              com.google.android.as.oss            W  val in interceptor: null
2026-04-19 18:38:50.467 27682-27783 TrainerGrp...bleService com.google.android.as.oss            I  Cancelling training succeeded [population=aiai/playstore/smartselect/prod/train/all/all, session=smartselect/prod/train/all/all]
2026-04-19 18:38:50.467 27682-27783 System.err              com.google.android.as.oss            W  val in interceptor: null
2026-04-19 18:38:50.475 27599-27786 BugleRcsProvisioning    com.google.android.apps.messaging    I  RcsAvailability configuration availability and enabled status: simId: redacted-pii:sim_id[chars:20,last3:897], SipConnectionType: DUAL_REG, isConfigurationAvailableAndEnabled: false
2026-04-19 18:38:50.475   762-1023  ConnectivityService     system_server                        D  NetReassign [715 : null → 100] [c 0] [a 0] [i 0]
2026-04-19 18:38:50.476 27599-27786 BugleRcsProvisioning    com.google.android.apps.messaging    I  Checking isConfigServerUrlAvailable without simId because either of the following flag are false, amber_full_launch: true, useMobileConfigurationRetrieverForFlags: false
2026-04-19 18:38:50.476 27599-27786 BugleRcsEngine          com.google.android.apps.messaging    I  getConfigServerUrl without simId [CONTEXT log_prefix="ProvisioningServerUtil" thread_id=94 ]
2026-04-19 18:38:50.478 27599-27968 WM-NetworkStateTracker  com.google.android.apps.messaging    D  Network capabilities changed: [ Transports: CELLULAR Capabilities: MMS&SUPL&DUN&FOTA&IMS&CBS&INTERNET&NOT_RESTRICTED&TRUSTED&NOT_VPN&NOT_ROAMING&FOREGROUND&NOT_CONGESTED&NOT_SUSPENDED&PARTIAL_CONNECTIVITY&NOT_VCN_MANAGED&NOT_BANDWIDTH_CONSTRAINED LinkUpBandwidth>=60000Kbps LinkDnBandwidth>=145000Kbps Specifier: <TelephonyNetworkSpecifier [mSubId = 1]> SubscriptionIds: {1} UnderlyingNetworks: Null]
2026-04-19 18:38:50.492 27891-27891 HWUI                    com.android.chrome                   W  Image decoding logging dropped!
2026-04-19 18:38:50.493 27599-27785 WM-PackageManagerHelper com.google.android.apps.messaging    D  Skipping component enablement for androidx.work.impl.background.systemalarm.RescheduleReceiver
2026-04-19 18:38:50.494 27599-27786 BugleRcsEngine          com.google.android.apps.messaging    I  No config URL. RCS not configured for dual-registration. [CONTEXT log_prefix="ProvisioningServerUtil" thread_id=94 ]
2026-04-19 18:38:50.499 27599-27726 WM-GreedyScheduler      com.google.android.apps.messaging    D  Constraints not met: Cancelling work ID WorkGenerationalId(workSpecId=95ef3d58-7e99-43b6-80c8-c4f50dae9500, generation=32)
2026-04-19 18:38:50.500 27599-27785 WM-GreedyScheduler      com.google.android.apps.messaging    D  Constraints not met: Cancelling work ID WorkGenerationalId(workSpecId=d93c2890-fae6-4b92-bf3a-907ca3fc8125, generation=0)
2026-04-19 18:38:50.500 27599-27785 WM-GreedyScheduler      com.google.android.apps.messaging    D  Constraints not met: Cancelling work ID WorkGenerationalId(workSpecId=f89a735f-99c7-4857-be2d-eb1a50775f2e, generation=2)
2026-04-19 18:38:50.500 27599-27785 WM-GreedyScheduler      com.google.android.apps.messaging    D  Constraints not met: Cancelling work ID WorkGenerationalId(workSpecId=884a8609-5910-4062-832b-bc5f084bf63a, generation=0)
2026-04-19 18:38:50.501 27891-27891 HWUI                    com.android.chrome                   W  Image decoding logging dropped!
2026-04-19 18:38:50.502 27599-27786 BugleRcsProvisioning    com.google.android.apps.messaging    I  updateAvailabilityForRcsProvisioningId. SimId: redacted-pii:sim_id[chars:20,last3:897], currentAvailability: 1, newAvailability: 2, hint: NO_HINT
2026-04-19 18:38:50.503 27891-27891 HWUI                    com.android.chrome                   W  Image decoding logging dropped!
2026-04-19 18:38:50.504 27599-27786 RcsProvisioningManager  com.google.android.apps.messaging    I  Receive onRcsAvailabilityUpdate, SIM = redacted-pii:sim_id[chars:20,last3:897], availability = RcsAvailability{mAvailability=DISABLED_VIA_GSERVICES (RCS is disabled for this carrier by Google)}
2026-04-19 18:38:50.514 27728-27973 acie                    com...d.googlequicksearchbox:search  I  (REDACTED) Event Bus thread starting with TID %d
2026-04-19 18:38:50.520 27891-27891 cr_MultiInstance        com.android.chrome                   I  Returning new selector for org.chromium.chrome.browser.ChromeTabbedActivity@1f62e3 with index: Pair{0 an4@9ca12bb}
2026-04-19 18:38:50.532 27682-27783 TrainerGrp...bleService com.google.android.as.oss            I  Cancelling training succeeded [population=aiai/playstore/smartselect/prod/train/en/address-phone-or-selected-in-messaging-apps, session=smartselect/prod/train/en/address-phone-or-selected-in-messaging-apps]
2026-04-19 18:38:50.532 27682-27783 System.err              com.google.android.as.oss            W  val in interceptor: null
2026-04-19 18:38:50.539 27325-27325 LauncherBinder          com...le.android.apps.nexuslauncher  D  Calling onCompleteSignal
2026-04-19 18:38:50.540 27325-27325 ViewOnDrawExecutor      com...le.android.apps.nexuslauncher  D  markCompleted: executing tasks
2026-04-19 18:38:50.544 27599-27789 BugleRcs                com.google.android.apps.messaging    W  getAvailableProvisioningIds: accessing uninitialized provisioning identities. [CONTEXT ratelimit_period="1 MINUTES" ] (Fix with AI)
                                                                                                    eoex: FULL
                                                                                                    	at dkfd.t(PG:60)
                                                                                                    	at dkmu.a(PG:5)
                                                                                                    	at dkmx.a(PG:17)
                                                                                                    	at dler.run(PG:9)
                                                                                                    	at elst.run(PG:21)
                                                                                                    	at dubu.run(PG:7)
                                                                                                    	at java.util.concurrent.ThreadPoolExecutor.runWorker(ThreadPoolExecutor.java:1156)
                                                                                                    	at java.util.concurrent.ThreadPoolExecutor$Worker.run(ThreadPoolExecutor.java:651)
                                                                                                    	at dubb.run(PG:6)
                                                                                                    	at java.lang.Thread.run(Thread.java:1119)
                                                                                                    	at ducv.run(PG:61)
2026-04-19 18:38:50.544 27599-27726 RcsProvisioningManager  com.google.android.apps.messaging    I  CommonRcsProvisioningChangeListenerHandler.notifyListener : Notify RcsProvisioningChangeListener chop@64cd20f onRcsProvisioningChange, SIM = redacted-pii:sim_id[chars:35,last3:97)], available rcs provisioning ids  =
2026-04-19 18:38:50.546 27599-27789 RcsProvisioningManager  com.google.android.apps.messaging    I  CommonRcsProvisioningChangeListenerHandler.notifyListener : Notify RcsProvisioningChangeListener deym@c714b6e onRcsProvisioningChange, SIM = redacted-pii:sim_id[chars:35,last3:97)], available rcs provisioning ids  =
2026-04-19 18:38:50.548 21827-21843 FontLog                 com.google.android.gms.persistent    I  (REDACTED) Received query %s, URI %s
2026-04-19 18:38:50.548 21827-21843 FontLog                 com.google.android.gms.persistent    I  (REDACTED) Query [%s] resolved to %s
2026-04-19 18:38:50.549 21827-21843 FontLog                 com.google.android.gms.persistent    I  (REDACTED) Font PFD returned from cache for %s
2026-04-19 18:38:50.549 21827-21843 FontLog                 com.google.android.gms.persistent    I  (REDACTED) Fetch %s end status %s
2026-04-19 18:38:50.559 27599-27734 RcsProvisioningManager  com.google.android.apps.messaging    I  Cannot notify RcsVerifiedPhoneNumberListener because current availability is DISABLED_VIA_GSERVICES instead of AVAILABLE.
2026-04-19 18:38:50.561 27599-27786 BugleRcsEngine          com.google.android.apps.messaging    I  Skipping provisioning scheduling since RCS is disabled [CONTEXT log_prefix="provisioning" thread_id=94 ]
2026-04-19 18:38:50.562 27599-27785 RcsProvisioningManager  com.google.android.apps.messaging    I  AvailabilityObserver.onUpdate : Notify RcsAvailabilityListener crrt@590db3 onRcsAvailabilityUpdate, SIM = redacted-pii:sim_id[chars:20,last3:897], availability = 2
2026-04-19 18:38:50.563 27599-27726 RcsProvisioningManager  com.google.android.apps.messaging    I  Calculating availability
2026-04-19 18:38:50.563 27599-27979 BugleRcsProvisioning    com.google.android.apps.messaging    I  RcsProvisioningTrigger: onRcsAvailabilityUpdate : availability is updated to RCS is disabled for this carrier by Google, lastAvailabilityLocal is null, simId hash = 4942399617005875214, simId = redacted-pii:sim_id[chars:20,last3:897], isPev3Enabled = true
2026-04-19 18:38:50.564 27599-27726 RcsProvisioningManager  com.google.android.apps.messaging    I  Computing availability for default call sim.
2026-04-19 18:38:50.564 27599-27726 RcsProvisioningManager  com.google.android.apps.messaging    I  qualifiedProvisioningEngineAdapter is present: true
2026-04-19 18:38:50.566 27317-27651 AiAiTranslate           com.google.android.as                I  Auto Translate initializing...
2026-04-19 18:38:50.572 27599-27726 RcsProvisioningManager  com.google.android.apps.messaging    I  getAvailabilityForRcsProvisioningIdSync: RcsAvailability{mAvailability=DISABLED_VIA_GSERVICES (RCS is disabled for this carrier by Google)}
2026-04-19 18:38:50.573 27599-27726 RcsProvisioningManager  com.google.android.apps.messaging    I  Receive onRcsAvailabilityUpdate, SIM = redacted-pii:sim_id[chars:20,last3:897], availability = RcsAvailability{mAvailability=DISABLED_VIA_GSERVICES (RCS is disabled for this carrier by Google)}
2026-04-19 18:38:50.575 27599-27980 RcsProvisioningManager  com.google.android.apps.messaging    I  CommonRcsProvisioningChangeListenerHandler.notifyListener : Notify RcsProvisioningChangeListener chop@64cd20f onRcsProvisioningChange, SIM = redacted-pii:sim_id[chars:35,last3:97)], available rcs provisioning ids  =
2026-04-19 18:38:50.576 27891-27891 HWUI                    com.android.chrome                   W  Image decoding logging dropped!
2026-04-19 18:38:50.577 27599-27979 RcsProvisioningManager  com.google.android.apps.messaging    I  Receive onRcsAvailabilityUpdate, SIM = redacted-pii:sim_id[chars:20,last3:897], availability = RcsAvailability{mAvailability=DISABLED_VIA_GSERVICES (RCS is disabled for this carrier by Google)}
2026-04-19 18:38:50.579 27599-27726 BugleTransport          com.google.android.apps.messaging    I  Retrieved RCS available simIds: []
2026-04-19 18:38:50.586 27599-27785 RcsProvisioningManager  com.google.android.apps.messaging    I  CommonRcsProvisioningChangeListenerHandler.notifyListener : Notify RcsProvisioningChangeListener chop@64cd20f onRcsProvisioningChange, SIM = redacted-pii:sim_id[chars:35,last3:97)], available rcs provisioning ids  =
2026-04-19 18:38:50.587 27599-27983 RcsProvisioningManager  com.google.android.apps.messaging    I  Cannot notify RcsVerifiedPhoneNumberListener because current availability is DISABLED_VIA_GSERVICES instead of AVAILABLE.
2026-04-19 18:38:50.587 27891-27891 HWUI                    com.android.chrome                   W  Image decoding logging dropped!
2026-04-19 18:38:50.591 27317-27938 ogle.android.as         com.google.android.as                I  AssetManager2(0x7921f10605b8) locale list changing from [] to [en-US]
2026-04-19 18:38:50.593 27317-27636 JobInfo                 com.google.android.as                W  Requested important-while-foreground flag for job360 is ignored and takes no effect
2026-04-19 18:38:50.598 27325-27325 b/387844520             com...le.android.apps.nexuslauncher  D  calling updateRingPath from onSizeChanged
2026-04-19 18:38:50.598 27325-27325 b/387844520             com...le.android.apps.nexuslauncher  D  getOutlineOffsetX: measured width = 173, mNormalizedIconSize = 159, last updated width = 173
2026-04-19 18:38:50.614 27891-27891 HWUI                    com.android.chrome                   W  Image decoding logging dropped!
2026-04-19 18:38:50.615 27599-27979 BugleRcsProvisioning    com.google.android.apps.messaging    I  RcsProvisioningTrigger: onRcsAvailabilityUpdate : isPreviousDisabled = true, isCurrentDisabled = true, config[simId:redacted-pii:sim_id[chars:20,last3:897]] = [Type: 0, Version: 0, Validity: 0, Last updated: 0, Remaining validity: 0, Reconfiguration requested: false, Messaging technology: SIMPLE_IM, rcsVolteSingleRegistration: false], hasToken: false, isValidAndUpdated: false
2026-04-19 18:38:50.617 27599-27982 BugleTransport          com.google.android.apps.messaging    I  Deregister all SIMs except for SIMs with subIds: [] from chat transport: SINGLE_REGISTRATION.
2026-04-19 18:38:50.617 27891-27891 HWUI                    com.android.chrome                   W  Image decoding logging dropped!
2026-04-19 18:38:50.619 27891-27891 HWUI                    com.android.chrome                   W  Image decoding logging dropped!
2026-04-19 18:38:50.622 27599-27786 RcsProvisioningManager  com.google.android.apps.messaging    I  CommonRcsProvisioningChangeListenerHandler.notifyListener : Notify RcsProvisioningChangeListener deym@c714b6e onRcsProvisioningChange, SIM = redacted-pii:sim_id[chars:35,last3:97)], available rcs provisioning ids  =
2026-04-19 18:38:50.624 27599-27789 RcsProvisioningManager  com.google.android.apps.messaging    I  AvailabilityObserver.onUpdate : Notify RcsAvailabilityListener crrt@590db3 onRcsAvailabilityUpdate, SIM = redacted-pii:sim_id[chars:20,last3:897], availability = 2
2026-04-19 18:38:50.625 27599-27786 RcsClientLib            com.google.android.apps.messaging    I  Connecting RcsEngineLifecycleServiceV2
2026-04-19 18:38:50.627 27599-27984 RcsProvisioningManager  com.google.android.apps.messaging    I  CommonRcsProvisioningChangeListenerHandler.notifyListener : Notify RcsProvisioningChangeListener deym@c714b6e onRcsProvisioningChange, SIM = redacted-pii:sim_id[chars:35,last3:97)], available rcs provisioning ids  =
2026-04-19 18:38:50.628 27599-27980 BugleTransport          com.google.android.apps.messaging    I  Deregister all SIMs except for SIMs with subIds: [] from chat transport: TACHYGRAM.
2026-04-19 18:38:50.629 21827-22044 FontLog                 com.google.android.gms.persistent    I  (REDACTED) Pulling font file for id = %d, cache size = %d
2026-04-19 18:38:50.631 27325-27325 RecentsView             com...le.android.apps.nexuslauncher  D  onTaskRemoved: 49, not handling task stack changes
2026-04-19 18:38:50.632 27325-27325 RecentsView             com...le.android.apps.nexuslauncher  D  onTaskRemoved: 49, not handling task stack changes
2026-04-19 18:38:50.634 27368-27451 fkev                    com.google.android.gms               I  (REDACTED) Shared storage file not found for %s
2026-04-19 18:38:50.634 27682-27783 TrainerGrp...bleService com.google.android.as.oss            I  Cancelling training succeeded [population=aiai/playstore/smartselect/prod/train/en/address-or-pasted-to-map-apps, session=smartselect/prod/train/en/address-or-pasted-to-map-apps]
2026-04-19 18:38:50.634 27682-27783 System.err              com.google.android.as.oss            W  val in interceptor: null
2026-04-19 18:38:50.635 27682-27783 TrainerGrp...bleService com.google.android.as.oss            I  Cancelling training succeeded [population=aiai/playstore/smartselect/prod/train/en/phone-or-pasted-to-dialer-apps, session=smartselect/prod/train/en/phone-or-pasted-to-dialer-apps]
2026-04-19 18:38:50.635 27682-27783 System.err              com.google.android.as.oss            W  val in interceptor: null
2026-04-19 18:38:50.635 27682-27783 TrainerGrp...bleService com.google.android.as.oss            I  Cancelling training succeeded [population=aiai/playstore/smartselect/prod/train/en/all_nonsentences, session=smartselect/prod/train/en/all_nonsentences]
2026-04-19 18:38:50.635 27682-27783 System.err              com.google.android.as.oss            W  val in interceptor: null
2026-04-19 18:38:50.636 27682-27783 TrainerGrp...bleService com.google.android.as.oss            I  Cancelling training succeeded [population=aiai/playstore/smartselect/prod/train/en/all-non-url-email, session=smartselect/prod/train/en/all-non-url-email]
2026-04-19 18:38:50.636 27682-27783 System.err              com.google.android.as.oss            W  val in interceptor: null
2026-04-19 18:38:50.636 27682-27783 TrainerGrp...bleService com.google.android.as.oss            I  Cancelling training succeeded [population=aiai/playstore/smartselect/prod/train/en/address-phone-or-pasted-to-either-apps, session=smartselect/prod/train/en/address-phone-or-pasted-to-either-apps]
2026-04-19 18:38:50.636 27682-27783 System.err              com.google.android.as.oss            W  val in interceptor: null
2026-04-19 18:38:50.636 27682-27783 TrainerGrp...bleService com.google.android.as.oss            I  Cancelling training succeeded [population=aiai/playstore/ambientcontext, session=ambientcontext]
2026-04-19 18:38:50.637 27682-27783 System.err              com.google.android.as.oss            W  val in interceptor: null
2026-04-19 18:38:50.639 27682-27783 TrainerGrp...bleService com.google.android.as.oss            I  Cancelling training succeeded [population=aiai/playstore/smartselect/prod/train/en/selected-in-messaging-apps, session=smartselect/prod/train/en/selected-in-messaging-apps]
2026-04-19 18:38:50.639 27682-27783 System.err              com.google.android.as.oss            W  val in interceptor: null
2026-04-19 18:38:50.646 27891-27891 HWUI                    com.android.chrome                   W  Image decoding logging dropped!
2026-04-19 18:38:50.648 27599-27986 RcsProvisioningManager  com.google.android.apps.messaging    I  Cannot notify RcsVerifiedPhoneNumberListener because current availability is DISABLED_VIA_GSERVICES instead of AVAILABLE.
2026-04-19 18:38:50.663 27891-27891 cr_ActivityDispatcher   com.android.chrome                   W  CustomTabsIntent#shouldAlwaysUseBrowserUI() = false
2026-04-19 18:38:50.665 27599-27734 RcsProvisioningManager  com.google.android.apps.messaging    I  AvailabilityObserver.onUpdate : Notify RcsAvailabilityListener crrt@590db3 onRcsAvailabilityUpdate, SIM = redacted-pii:sim_id[chars:20,last3:897], availability = 2
2026-04-19 18:38:50.665 27891-27891 ContentCaptureHelper    com.android.chrome                   I  Setting logging level to OFF
2026-04-19 18:38:50.685   762-2246  ActivityManager         system_server                        I  Force stopping com.musicses.vlessvpn.app appid=10213 user=0: from pid 27985
2026-04-19 18:38:50.686 27599-27786 RcsClientLib            com.google.android.apps.messaging    W  No CS.apk RCS service found. Is RCS running in Bugle?
2026-04-19 18:38:50.687 27599-27786 RcsClientLib            com.google.android.apps.messaging    I  shouldUseCarrierServicesJibeService: false, CarrierServices rcs service found: false
2026-04-19 18:38:50.698 27317-27536 AiAiSuperpacks          com.google.android.as                I  No superpacks to release, will no-op
2026-04-19 18:38:50.702 27891-27891 HWUI                    com.android.chrome                   W  Unknown dataspace 0
2026-04-19 18:38:50.715 21827-22020 FontLog                 com.google.android.gms.persistent    I  (REDACTED) Received query %s, URI %s
2026-04-19 18:38:50.716 21827-22020 FontLog                 com.google.android.gms.persistent    I  (REDACTED) Query [%s] resolved to %s
2026-04-19 18:38:50.723 27599-27995 BugleTransport          com.google.android.apps.messaging    I  Deregister all SIMs except for SIMs with subIds: [] from chat transport: DUAL_REGISTRATION.
2026-04-19 18:38:50.734 27317-27654 SP.AiAi                 com.google.android.as                I  Scheduling: download registered, 0 started, 0 paused, 1 scheduled, 6 pending: manifests:captions_i18n_v0_background-20240825 * {W:b:u:l, bg}, manifests:kg_collections_table-21051103 {W:C:I:l, bg}, manifests:text-classifier-annotator-272525175 {W:C:I:l, bg}, manifests:text-classifier-actions-1140547708 {W:C:I:l, bg}, manifests:text-classifier-langid-1941001461 {W:C:I:l, bg}, manifests:spelling_correction-22110320 {W:C:I:l, bg}
2026-04-19 18:38:50.735 27317-27654 SP.AiAi                 com.google.android.as                I  Starting garbage collection
2026-04-19 18:38:50.720   762-2246  AppsFilter              system_server                        I  interaction: PackageSetting{7bd7bba com.musicses.vlessvpn/10214} -> PackageSetting{8738bf4 com.musicses.vlessvpn.app/10213} BLOCKED
2026-04-19 18:38:50.739 27317-27654 SP.AiAi                 com.google.android.as                I  GC for 'global' (1) with ttl of 172800000 ms took 4 ms (0/4/0)
2026-04-19 18:38:50.739 27599-27989 RcsClientLib            com.google.android.apps.messaging    I  Connecting RcsEngineLifecycleServiceV2
2026-04-19 18:38:50.743 27682-27783 TrainerGrp...bleService com.google.android.as.oss            I  Cancelling training succeeded [population=aiai/playstore/smartselect/prod/train/en/selected-in-non-messaging-apps, session=smartselect/prod/train/en/selected-in-non-messaging-apps]
2026-04-19 18:38:50.744 27682-27783 System.err              com.google.android.as.oss            W  val in interceptor: null
2026-04-19 18:38:50.753 27599-27787 BugleRcsProvisioning    com.google.android.apps.messaging    I  BugleSystemBindingManager: onBuglePhenotypeFlagChanged
2026-04-19 18:38:50.756 27325-27435 LoaderTask              com...le.android.apps.nexuslauncher  D  step 1 loading workspace complete
2026-04-19 18:38:50.762 27599-27989 RcsClientLib            com.google.android.apps.messaging    W  No CS.apk RCS service found. Is RCS running in Bugle?
2026-04-19 18:38:50.770 21827-22020 FontLog                 com.google.android.gms.persistent    I  (REDACTED) Font PFD returned from cache for %s
2026-04-19 18:38:50.772   762-985   system_server           system_server                        I  AssetManager2(0x7921f10e3ff8) locale list changing from [] to [en-US]
2026-04-19 18:38:50.773 21827-22020 FontLog                 com.google.android.gms.persistent    I  (REDACTED) Fetch %s end status %s
2026-04-19 18:38:50.775 21827-22044 FontLog                 com.google.android.gms.persistent    I  (REDACTED) Pulling font file for id = %d, cache size = %d
2026-04-19 18:38:50.777 27599-27738 BugleRcsEngine          com.google.android.apps.messaging    I  SystemBinding enabled: true [CONTEXT log_prefix="SystemBindingManager" thread_id=90 ]
2026-04-19 18:38:50.778 27599-27766 BugleRcsEngine          com.google.android.apps.messaging    I  System Binding updated [CONTEXT thread_id=91 ]
2026-04-19 18:38:50.788 27371-27371 BugleRcsEngine          com...le.android.apps.messaging:rcs  I  onBind in state STARTED, intent action = com.google.android.ims.rcs.engine.IRcsEngineController [CONTEXT log_prefix="JibeService" thread_id=2 ]
2026-04-19 18:38:50.791  1346-1346  CarrierSvcBindHelper    com.android.phone                    D  onHandleForceStop: [com.musicses.vlessvpn.app]
2026-04-19 18:38:50.791  1346-1346  CarrierSvcBindHelper    com.android.phone                    D  No carrier app for: 0
2026-04-19 18:38:50.805 27599-27989 RcsClientLib            com.google.android.apps.messaging    I  shouldUseCarrierServicesJibeService: false, CarrierServices rcs service found: false
2026-04-19 18:38:50.808 27599-27786 BugleRcsEngine          com.google.android.apps.messaging    W  Unable to send diagnostic log [CONTEXT thread_id=94 ]
2026-04-19 18:38:50.810   762-985   system_server           system_server                        I  AssetManager2(0x7921f10e5c18) locale list changing from [] to [en-US]
2026-04-19 18:38:50.815 27599-27993 BugleRcsEngine          com.google.android.apps.messaging    W  Unable to send diagnostic log [CONTEXT thread_id=113 ]
2026-04-19 18:38:50.816 27682-27783 TrainerGrp...bleService com.google.android.as.oss            I  Cancelling training succeeded [population=aiai/playstore/search, session=search]
2026-04-19 18:38:50.816 27682-27783 System.err              com.google.android.as.oss            W  val in interceptor: null
2026-04-19 18:38:50.846   762-1964  BestClock               system_server                        W  java.time.DateTimeException: No network time available
2026-04-19 18:38:50.847   762-1964  BestClock               system_server                        W  java.time.DateTimeException: No network time available
2026-04-19 18:38:50.865 27682-27783 TrainerGrp...bleService com.google.android.as.oss            I  Cancelling training succeeded [population=aiai/playstore/smartselect/prod/train/en/address-phone-otp-copied, session=smartselect/prod/train/en/address-phone-otp-copied]
2026-04-19 18:38:50.866 27682-27783 System.err              com.google.android.as.oss            W  val in interceptor: null
2026-04-19 18:38:50.869   583-725   Attributio...ssionUtils cameraserver                         I  checkPermission (forDataDelivery 0 startDataDelivery 0): Permission hard denied for client attribution [uid 10138, pid 27317, packageName "<unknown>"]
2026-04-19 18:38:50.874 27682-27783 TrainerGrp...bleService com.google.android.as.oss            I  Cancelling training succeeded [population=aiai/playstore/smartselect/prod/train/en/pasted-to-search-or-browser-or-named-entity-apps, session=smartselect/prod/train/en/pasted-to-search-or-browser-or-named-entity-apps]
2026-04-19 18:38:50.874 27682-27783 System.err              com.google.android.as.oss            W  val in interceptor: null
2026-04-19 18:38:50.875 27599-27734 RcsClientLib            com.google.android.apps.messaging    I  com.google.android.rcs.client.lifecycle.RcsEngineLifecycleServiceV2 connected
2026-04-19 18:38:50.877 27599-27734 RcsClientLib            com.google.android.apps.messaging    I  com.google.android.rcs.client.lifecycle.RcsEngineLifecycleServiceV2 connected
2026-04-19 18:38:50.883 27682-27783 TrainerGrp...bleService com.google.android.as.oss            I  Cancelling training succeeded [population=aiai/playstore/smartselect/prod/train/en/all-pasted-to-apps, session=smartselect/prod/train/en/all-pasted-to-apps]
2026-04-19 18:38:50.883 27682-27783 System.err              com.google.android.as.oss            W  val in interceptor: null
2026-04-19 18:38:50.887 27599-28001 BugleRcsEngine          com.google.android.apps.messaging    W  Actively accessing legacy Rcs services [CONTEXT log_prefix="JibeServiceBase<IRcsEngineController>" thread_id=115 ] (Fix with AI)
                                                                                                    java.lang.RuntimeException
                                                                                                    	at eimo.a(PG:14)
                                                                                                    	at com.google.android.rcs.client.lifecycle.RcsEngineLifecycleServiceV2.stopAllRcsTransportsExcept(PG:4)
                                                                                                    	at ckzg.a(PG:8)
                                                                                                    	at ckze.call(PG:5)
                                                                                                    	at eluo.a(PG:3)
                                                                                                    	at elsk.a(PG:13)
                                                                                                    	at esfd.a(PG:3)
                                                                                                    	at eseb.run(PG:19)
                                                                                                    	at esff.run(PG:5)
                                                                                                    	at dubu.run(PG:7)
                                                                                                    	at eosd.run(PG:44)
                                                                                                    	at duem.run(PG:18)
                                                                                                    	at dubc.run(PG:8)
                                                                                                    	at java.lang.Thread.run(Thread.java:1119)
                                                                                                    	at ducv.run(PG:61)
2026-04-19 18:38:50.889 27599-27776 BugleRcsEngine          com.google.android.apps.messaging    W  Actively accessing legacy Rcs services [CONTEXT log_prefix="JibeServiceBase<IRcsEngineController>" thread_id=92 ] (Fix with AI)
                                                                                                    java.lang.RuntimeException
                                                                                                    	at eimo.a(PG:14)
                                                                                                    	at com.google.android.rcs.client.lifecycle.RcsEngineLifecycleServiceV2.stopAllRcsTransportsExcept(PG:4)
                                                                                                    	at ckzg.a(PG:8)
                                                                                                    	at ckze.call(PG:5)
                                                                                                    	at eluo.a(PG:3)
                                                                                                    	at elsk.a(PG:13)
                                                                                                    	at esfd.a(PG:3)
                                                                                                    	at eseb.run(PG:19)
                                                                                                    	at esff.run(PG:5)
                                                                                                    	at dubu.run(PG:7)
                                                                                                    	at eosd.run(PG:44)
                                                                                                    	at duem.run(PG:18)
                                                                                                    	at dubc.run(PG:8)
                                                                                                    	at java.lang.Thread.run(Thread.java:1119)
                                                                                                    	at ducv.run(PG:61)
2026-04-19 18:38:50.894 27682-27783 TrainerGrp...bleService com.google.android.as.oss            I  Cancelling training succeeded [population=aiai/playstore/smartselect/prod/train/en/address-phone-other-nonsentences, session=smartselect/prod/train/en/address-phone-other-nonsentences]
2026-04-19 18:38:50.895 27682-27783 System.err              com.google.android.as.oss            W  val in interceptor: null
2026-04-19 18:38:50.897 27371-27582 BugleRcsEngine          com...le.android.apps.messaging:rcs  I  stopAllRcsTransportsExcept: ignoring stopping the RcsEngine. RcsEngine is still running [CONTEXT log_prefix="RcsEngineProxyImpl:[534e5fdc-79a0]" thread_id=92 ]
2026-04-19 18:38:50.903 27682-27783 TrainerGrp...bleService com.google.android.as.oss            I  Cancelling training succeeded [population=aiai/playstore/smartselect/prod/train/en/all-non-translate, session=smartselect/prod/train/en/all-non-translate]
2026-04-19 18:38:50.903 27682-27783 System.err              com.google.android.as.oss            W  val in interceptor: null
2026-04-19 18:38:50.904 27682-27783 TrainerGrp...bleService com.google.android.as.oss            I  Cancelling training succeeded [population=aiai/playstore/smartselect/prod/train/en/pasted-to-maps-apps, session=smartselect/prod/train/en/pasted-to-maps-apps]
2026-04-19 18:38:50.904 27682-27783 System.err              com.google.android.as.oss            W  val in interceptor: null
2026-04-19 18:38:50.905 27682-27783 TrainerGrp...bleService com.google.android.as.oss            I  Cancelling training succeeded [population=aiai/playstore/smartselect/prod/train/en/address-phone-otp, session=smartselect/prod/train/en/address-phone-otp]
2026-04-19 18:38:50.905 27682-27783 System.err              com.google.android.as.oss            W  val in interceptor: null
2026-04-19 18:38:50.906 27682-27783 TrainerGrp...bleService com.google.android.as.oss            I  Cancelling training succeeded [population=aiai/playstore/pecanmessageevents, session=pecanmessageevents]
2026-04-19 18:38:50.906 27682-27783 System.err              com.google.android.as.oss            W  val in interceptor: null
2026-04-19 18:38:50.907 27599-28001 RcsClientLib            com.google.android.apps.messaging    I  Disconnecting RcsEngineLifecycleServiceV2
2026-04-19 18:38:50.907 27682-27783 TrainerGrp...bleService com.google.android.as.oss            I  Cancelling training succeeded [population=aiai/playstore/smartselect/prod/train/en/address-phone, session=smartselect/prod/train/en/address-phone]
2026-04-19 18:38:50.907 27682-27783 System.err              com.google.android.as.oss            W  val in interceptor: null
2026-04-19 18:38:50.907 27682-27783 TrainerGrp...bleService com.google.android.as.oss            I  Cancelling training succeeded [population=aiai/playstore/smartselect/prod/train/en/pasted-to-translate-apps, session=smartselect/prod/train/en/pasted-to-translate-apps]
2026-04-19 18:38:50.907 27682-27783 System.err              com.google.android.as.oss            W  val in interceptor: null
2026-04-19 18:38:50.908 27682-27783 TrainerGrp...bleService com.google.android.as.oss            I  Cancelling training succeeded [population=aiai/playstore/smartselect/prod/train/en/address-otp-copied, session=smartselect/prod/train/en/address-otp-copied]
2026-04-19 18:38:50.908 27682-27783 System.err              com.google.android.as.oss            W  val in interceptor: null
2026-04-19 18:38:50.908 27682-27783 TrainerGrp...bleService com.google.android.as.oss            I  Cancelling training succeeded [population=aiai/playstore/smartselect/prod/train/en/pasted-to-named-entity-apps, session=smartselect/prod/train/en/pasted-to-named-entity-apps]
2026-04-19 18:38:50.908 27682-27783 System.err              com.google.android.as.oss            W  val in interceptor: null
2026-04-19 18:38:50.908 27682-27783 TrainerGrp...bleService com.google.android.as.oss            I  Cancelling training succeeded [population=aiai/playstore/toastquery, session=toastquery]
2026-04-19 18:38:50.909 27682-27783 System.err              com.google.android.as.oss            W  val in interceptor: null
2026-04-19 18:38:50.909 27682-27783 TrainerGrp...bleService com.google.android.as.oss            I  Cancelling training succeeded [population=aiai/playstore/smartselect/prod/train/en/all-pasted-to-none-messaging-apps, session=smartselect/prod/train/en/all-pasted-to-none-messaging-apps]
2026-04-19 18:38:50.909 27682-27783 System.err              com.google.android.as.oss            W  val in interceptor: null
2026-04-19 18:38:50.909 27682-27783 TrainerGrp...bleService com.google.android.as.oss            I  Cancelling training succeeded [population=aiai/playstore/smartselect/prod/train/en/address-phone-other-translate, session=smartselect/prod/train/en/address-phone-other-translate]
2026-04-19 18:38:50.909 27682-27783 System.err              com.google.android.as.oss            W  val in interceptor: null
2026-04-19 18:38:50.910 27682-27783 TrainerGrp...bleService com.google.android.as.oss            I  Cancelling training succeeded [population=aiai/playstore/pecansearchqueryevents, session=pecansearchqueryevents]
2026-04-19 18:38:50.910 27682-27783 System.err              com.google.android.as.oss            W  val in interceptor: null
2026-04-19 18:38:50.910 27682-27783 TrainerGrp...bleService com.google.android.as.oss            I  Cancelling training succeeded [population=aiai/playstore/smartselect/prod/train/en/address-phone-or-pasted-to-non-messaging-apps, session=smartselect/prod/train/en/address-phone-or-pasted-to-non-messaging-apps]
2026-04-19 18:38:50.910 27682-27783 System.err              com.google.android.as.oss            W  val in interceptor: null
2026-04-19 18:38:50.930 27371-27424 BugleRcsEngine          com...le.android.apps.messaging:rcs  I  stopAllRcsTransportsExcept: ignoring stopping the RcsEngine. RcsEngine is still running [CONTEXT log_prefix="RcsEngineProxyImpl:[534e5fdc-79a0]" thread_id=73 ]
2026-04-19 18:38:50.931 27599-27776 RcsClientLib            com.google.android.apps.messaging    I  Disconnecting RcsEngineLifecycleServiceV2
2026-04-19 18:38:50.941   762-2250  ActivityTaskManager     system_server                        W  callingPackage for (uid=2000, pid=28008) has no WPC
2026-04-19 18:38:50.942   762-2250  Grammatica...ctionUtils system_server                        V  AttributionSource: android.content.AttributionSource@43efd994 does not have READ_SYSTEM_GRAMMATICAL_GENDER permission.
2026-04-19 18:38:50.943   762-2250  OptProp                 system_server                        W  Cannot read opt property android.window.PROPERTY_COMPAT_ALLOW_USER_ASPECT_RATIO_OVERRIDE
2026-04-19 18:38:50.943   762-2250  OptProp                 system_server                        W  Cannot read opt property android.window.PROPERTY_COMPAT_ALLOW_USER_ASPECT_RATIO_FULLSCREEN_OVERRIDE
2026-04-19 18:38:50.943   762-2250  OptProp                 system_server                        W  Cannot read opt property android.window.PROPERTY_COMPAT_ALLOW_RESIZEABLE_ACTIVITY_OVERRIDES
2026-04-19 18:38:50.943   762-2250  OptProp                 system_server                        W  Cannot read opt property android.window.PROPERTY_COMPAT_ALLOW_MIN_ASPECT_RATIO_OVERRIDE
2026-04-19 18:38:50.944 27955-27955 ApplicationLoaders      com.google.android.apps.wallpaper    D  Returning zygote-cached class loader: /system_ext/framework/androidx.window.extensions.jar
2026-04-19 18:38:50.944 27955-27955 ApplicationLoaders      com.google.android.apps.wallpaper    D  Returning zygote-cached class loader: /system_ext/framework/androidx.window.sidecar.jar
2026-04-19 18:38:50.944 27955-27955 ApplicationLoaders      com.google.android.apps.wallpaper    D  Returning zygote-cached class loader: /system/framework/org.apache.http.legacy.jar
2026-04-19 18:38:50.947   762-2269  BestClock               system_server                        W  java.time.DateTimeException: No network time available
2026-04-19 18:38:50.950   521-553   BpBinder                surfaceflinger                       I  onLastStrongRef automatically unlinking death recipients:
2026-04-19 18:38:50.954 27382-27600 boak                    com...oglequicksearchbox:interactor  I  (REDACTED) DelegationStatus: %s
2026-04-19 18:38:50.957 27599-28001 BugleDataModel          com.google.android.apps.messaging    I  2 not running because already up to date, upgradeCommand: EXECUTE_UPGRADE, version: 2
2026-04-19 18:38:50.959 27382-27796 bimk                    com...oglequicksearchbox:interactor  I  CurrentAccountDasherSAABitChecker is disabled
2026-04-19 18:38:50.959   762-2250  OptProp                 system_server                        W  Cannot read opt property android.window.PROPERTY_COMPAT_ALLOW_ORIENTATION_OVERRIDE
2026-04-19 18:38:50.961 27728-27814 nativeloader            com...d.googlequicksearchbox:search  D  Load /product/priv-app/Velvet/Velvet.apk!/lib/x86_64/libmappedcountercacheversionjni.so using class loader ns product-clns-10 (caller=/product/priv-app/Velvet/Velvet.apk!classes2.dex): ok
2026-04-19 18:38:50.965   762-1680  CompatChangeReporter    system_server                        D  Compat change id reported: 377864165; UID 10213; state: ENABLED
2026-04-19 18:38:50.966 27728-27814 CompatChangeReporter    com...d.googlequicksearchbox:search  D  Compat change id reported: 312399441; UID 10148; state: ENABLED
2026-04-19 18:38:50.829 27317-27636 JobInfo                 com.google.android.as                W  Requested important-while-foreground flag for job361 is ignored and takes no effect
2026-04-19 18:38:50.989 27599-27787 BugleSatellite          com.google.android.apps.messaging    I  Processing Phenotype flag changes.
2026-04-19 18:38:50.990   762-2250  ActivityTaskManager     system_server                        I  START u0 {act=android.intent.action.MAIN cat=[android.intent.category.LAUNCHER] flg=0x10000000 xflg=0x4 cmp=com.musicses.vlessvpn.app/.MainActivity} with LAUNCH_SINGLE_TOP from uid 2000 (BAL_ALLOW_PERMISSION) result code=0
2026-04-19 18:38:50.992 27368-27451 fkev                    com.google.android.gms               I  (REDACTED) Shared storage file not found for %s
2026-04-19 18:38:50.992 27599-27993 BugleTransport          com.google.android.apps.messaging    I  Retrieved RCS available simIds: []
2026-04-19 18:38:50.993  1166-1275  WindowManagerShell      com.android.systemui                 V  Transition requested (#52): android.os.BinderProxy@ce2d389 TransitionRequestInfo { type = OPEN, triggerTask = TaskInfo{userId=0 taskId=50 effectiveUid=10213 displayId=0 isRunning=true baseIntent=Intent { act=android.intent.action.MAIN cat=[android.intent.category.LAUNCHER] flg=0x10000000 cmp=com.musicses.vlessvpn.app/.MainActivity } baseActivity=ComponentInfo{com.musicses.vlessvpn.app/com.musicses.vlessvpn.app.MainActivity} topActivity=ComponentInfo{com.musicses.vlessvpn.app/com.musicses.vlessvpn.app.MainActivity} origActivity=null realActivity=ComponentInfo{com.musicses.vlessvpn.app/com.musicses.vlessvpn.app.MainActivity} numActivities=1 lastActiveTime=7648174 supportsMultiWindow=true resizeMode=1 isResizeable=true minWidth=-1 minHeight=-1 defaultMinSize=220 token=WCT{android.window.IWindowContainerToken$Stub$Proxy@dfdff8e} topActivityType=1 pictureInPictureParams=null shouldDockBigOverlays=false launchIntoPipHostTaskId=-1 lastParentTaskIdBeforePip=-1 displayCutoutSafeInsets=Rect(0, 142 - 0, 0) topActivityInfo=ActivityInfo{ed743af com.musicses.vlessvpn.app.MainActivity} launchCookies=[] positionInParent=Point(0, 0) parentTaskId=-1 isFocused=false isVisible=false isVisibleRequested=false isTopActivityNoDisplay=false isSleeping=false locusId=null displayAreaFeatureId=1 isTopActivityTransparent=false isActivityStackTransparent=false lastNonFullscreenBounds=Rect(278, 711 - 803, 1791) capturedLink=null capturedLinkTimestamp=0 requestedVisibleTypes=-9 topActivityRequestOpenInBrowserEducationTimestamp=0 appCompatTaskInfo=AppCompatTaskInfo { topActivityInSizeCompat=false eligibleForLetterboxEducation= false isLetterboxEducationEnabled= true isLetterboxDoubleTapEnabled= false eligibleForUserAspectRatioButton= false topActivityBoundsLetterboxed= false isFromLetterboxDoubleTap= false topActivityLetterboxVerticalPosition= -1 topActivityLetterboxHorizontalPosition= -1 topActivityLetterboxWidth=-1 topActivityLetterboxHeight=-1 topActivityAppBounds=Rect(0, 0 - 1080, 2424) isUserFullscreenOverrideEnabled=false isSystemFullscreenOverrideEnabled=false hasMinAspectRatioOverride=false topActivityLetterboxBounds=null cameraCompatTaskInfo=CameraCompatTaskInfo { freeformCameraCompatMode=inactive}} topActivityMainWindowFrame=null}, pipChange = null, remoteTransition = null, displayChange = null, flags = 0, debugId = 52 }
2026-04-19 18:38:50.994  1166-1275  ShellSplitScreen        com.android.systemui                 D  logExit: no-op, mLoggerSessionId is null
2026-04-19 18:38:51.007 27599-27734 BugleTransport          com.google.android.apps.messaging    I  Deregister all SIMs except for SIMs with subIds: [] from chat transport: SINGLE_REGISTRATION.
2026-04-19 18:38:51.008 27317-27938 ogle.android.as         com.google.android.as                I  AssetManager2(0x7921f105fc58) locale list changing from [] to [en-US]
2026-04-19 18:38:51.012   521-521   BpBinder                surfaceflinger                       I  onLastStrongRef automatically unlinking death recipients:
2026-04-19 18:38:51.020 27317-27938 ogle.android.as         com.google.android.as                I  AssetManager2(0x7921f105f2f8) locale list changing from [] to [en-US]
2026-04-19 18:38:51.012 27599-27983 RcsClientLib            com.google.android.apps.messaging    I  Connecting RcsEngineLifecycleServiceV2
2026-04-19 18:38:51.038 27599-27989 BugleTransport          com.google.android.apps.messaging    I  Deregister all SIMs except for SIMs with subIds: [] from chat transport: DUAL_REGISTRATION.
2026-04-19 18:38:51.041 27599-27983 RcsClientLib            com.google.android.apps.messaging    W  No CS.apk RCS service found. Is RCS running in Bugle?
2026-04-19 18:38:51.043 27382-27433 ClearcutMetricXmitter   com...oglequicksearchbox:interactor  V  Transmission is done.
