2026-04-19 18:38:52.307   762-803   WindowManager           system_server                        V      startWCT=WindowContainerTransaction { changes= {} hops= [] errorCallbackToken=null taskFragmentOrganizer=null }
2026-04-19 18:38:52.307   762-803   WindowManager           system_server                        V      info={id=52 t=OPEN f=0x0 trk=0 r=[0@Point(0, 0)] c=[
                                                                                                            {WCT{RemoteToken{7b20872 Task{2dd60f0 #50 type=standard A=10213:com.musicses.vlessvpn.app}}} m=OPEN f=NONE leash=Surface(name=Task=50)/@0x1b33d27 sb=Rect(0, 0 - 1080, 2424) eb=Rect(0, 0 - 1080, 2424) epz=Point(1080, 2424) d=0 taskParent=-1},
                                                                                                            {WCT{RemoteToken{c497298 Task{eab0a14 #44 type=standard A=10149:com.android.chrome}}} m=TO_BACK f=NONE leash=Surface(name=Task=44)/@0x7295c75 sb=Rect(0, 0 - 1080, 2424) eb=Rect(0, 0 - 1080, 2424) epz=Point(1080, 2424) d=0 taskParent=-1}
                                                                                                        ]}
2026-04-19 18:38:52.309 27317-27987 nativeloader            com.google.android.as                D  Load /product/priv-app/DevicePersonalizationPrebuiltPixel2021-bfinal_aiai_20250217.00_RC08/DevicePersonalizationPrebuiltPixel2021-bfinal_aiai_20250217.00_RC08.apk!/lib/x86_64/libdps_soda_pixel_s_jni.so using class loader ns product-clns-9 (caller=/product/priv-app/DevicePersonalizationPrebuiltPixel2021-bfinal_aiai_20250217.00_RC08/DevicePersonalizationPrebuiltPixel2021-bfinal_aiai_20250217.00_RC08.apk): ok
2026-04-19 18:38:52.317 27682-27783 TrainerGrp...bleService com.google.android.as.oss            I  Cancelling training succeeded [population=aiai/playstore/smartselect/train/en/phone, session=smartselect/train/en/phone]
2026-04-19 18:38:52.318 27682-27783 System.err              com.google.android.as.oss            W  val in interceptor: null
2026-04-19 18:38:52.319 27682-27783 TrainerGrp...bleService com.google.android.as.oss            I  Cancelling training succeeded [population=aiai/playstore/smartselect/train/en/address-or-pasted-to-map-apps, session=smartselect/train/en/address-or-pasted-to-map-apps]
2026-04-19 18:38:52.319 27682-27925 System.err              com.google.android.as.oss            W  Seeding context with ref: 121944586
2026-04-19 18:38:52.320 27682-27925 FederatedT...gScheduler com.google.android.as.oss            I  Cancelling training for population:aiai/playstore/autofill session_name:autofill
2026-04-19 18:38:52.326  1166-1275  WindowManagerShell      com.android.systemui                 V  loadAnimation: anim=android.view.animation.AnimationSet@9ea9a97 animAttr=0x9 type=OPEN isEntrance=false
2026-04-19 18:38:52.330  1166-1275  WindowManagerShell      com.android.systemui                 V  loadAnimation: anim=android.view.animation.AnimationSet@f2558a2 animAttr=0x8 type=OPEN isEntrance=true
2026-04-19 18:38:52.339  1166-1275  WindowManagerShell      com.android.systemui                 V   animated by com.android.wm.shell.transition.DefaultTransitionHandler@163b246
2026-04-19 18:38:52.341 27382-27559 bxxg                    com...oglequicksearchbox:interactor  I  (REDACTED) getInitialSimplifiedOobeViaDeeplinkUser: %b
2026-04-19 18:38:52.346   485-518   RanchuHwc               and...hics.composer3-service.ranchu  I  logCompositionFallbackIfChanged: layer 113 CompositionType fallback from 3 to 1
2026-04-19 18:38:52.351 27382-27559 bosm                    com...oglequicksearchbox:interactor  I  (REDACTED) isDeeplinkEnabled %s, isInitialSimplifiedOobeViaDeeplinkUser %s
2026-04-19 18:38:52.351 27728-27973 achh                    com...d.googlequicksearchbox:search  W  Abort, client detached.
2026-04-19 18:38:52.353 27382-27559 biqq                    com...oglequicksearchbox:interactor  I  User not OptedIn. Skipping Eligibility Checks.
2026-04-19 18:38:52.367 27682-27783 System.err              com.google.android.as.oss            W  val in interceptor: null
2026-04-19 18:38:52.370 27682-27783 TrainerGrp...bleService com.google.android.as.oss            I  Cancelling training succeeded [population=aiai/playstore/smartselect/train/en/address-phone-or-selected-in-search-or-browser-apps, session=smartselect/train/en/address-phone-or-selected-in-search-or-browser-apps]
2026-04-19 18:38:52.370 27682-27783 System.err              com.google.android.as.oss            W  val in interceptor: null
2026-04-19 18:38:52.371 27682-27783 TrainerGrp...bleService com.google.android.as.oss            I  Cancelling training succeeded [population=aiai/playstore/smartselect/train/en/pasted-to-notes-apps, session=smartselect/train/en/pasted-to-notes-apps]
2026-04-19 18:38:52.371 27682-27783 System.err              com.google.android.as.oss            W  val in interceptor: null
2026-04-19 18:38:52.376 27891-27891 cr_CombinedPProvider    com.android.chrome                   I  #linkNativeInternal() 0
2026-04-19 18:38:52.378 27891-27891 cr_PolicyProvider       com.android.chrome                   I  #setManagerAndSource() 0
2026-04-19 18:38:52.382 27891-27891 cr_PolicyCacheProvider  com.android.chrome                   I  #refresh() true
2026-04-19 18:38:52.382 27317-27651 Manager                 com.google.android.as                I  DeviceManager::DeviceManager
2026-04-19 18:38:52.383 27317-27651 ServerFlag              com.google.android.as                W  Failed to parse result of GetServerConfigurableFlag, errno=34
2026-04-19 18:38:52.383 27317-27651 Manager                 com.google.android.as                I  findAvailableDevices
2026-04-19 18:38:52.409 27682-27783 TrainerGrp...bleService com.google.android.as.oss            I  Cancelling training succeeded [population=aiai/playstore/smartselect/train/en/selected-in-search-or-browser-apps, session=smartselect/train/en/selected-in-search-or-browser-apps]
2026-04-19 18:38:52.414   762-815   AppZygote               system_server                        I  Starting application preload.
2026-04-19 18:38:52.414 27317-27330 ogle.android.as         com.google.android.as                W  Deferring native library unloading due to contention
2026-04-19 18:38:52.423 27682-27783 System.err              com.google.android.as.oss            W  val in interceptor: null
2026-04-19 18:38:52.424 27325-27435 s.nexuslauncher         com...le.android.apps.nexuslauncher  I  AssetManager2(0x7921f10621d8) locale list changing from [] to [en-US]
2026-04-19 18:38:52.440 27382-27632 bhuh                    com...oglequicksearchbox:interactor  I  Calling speech biasing context session
2026-04-19 18:38:52.449 21827-21911 PhBaseOp                com.google.android.gms.persistent    W  Phenotype API error. Event: # hfmj@6f171a0f, EventCode: GET_EXP [CONTEXT service_id=51 ] (Fix with AI)
                                                                                                    eebn: 29505: No config packages for log source, or config package not registered
                                                                                                    	at eeeh.f(:com.google.android.gms@252635038@25.26.35 (260800-783060121):77)
                                                                                                    	at eeef.i(:com.google.android.gms@252635038@25.26.35 (260800-783060121):3)
                                                                                                    	at eedh.h(:com.google.android.gms@252635038@25.26.35 (260800-783060121):35)
                                                                                                    	at eedh.f(:com.google.android.gms@252635038@25.26.35 (260800-783060121):17)
                                                                                                    	at cheh.fI(:com.google.android.gms@252635038@25.26.35 (260800-783060121):1)
                                                                                                    	at chel.run(:com.google.android.gms@252635038@25.26.35 (260800-783060121):128)
                                                                                                    	at fyac.run(:com.google.android.gms@252635038@25.26.35 (260800-783060121):21)
                                                                                                    	at azpj.c(:com.google.android.gms@252635038@25.26.35 (260800-783060121):50)
                                                                                                    	at azpj.run(:com.google.android.gms@252635038@25.26.35 (260800-783060121):70)
                                                                                                    	at java.util.concurrent.ThreadPoolExecutor.runWorker(ThreadPoolExecutor.java:1156)
                                                                                                    	at java.util.concurrent.ThreadPoolExecutor$Worker.run(ThreadPoolExecutor.java:651)
                                                                                                    	at azva.run(:com.google.android.gms@252635038@25.26.35 (260800-783060121):8)
                                                                                                    	at java.lang.Thread.run(Thread.java:1119)
2026-04-19 18:38:52.449 21827-21911 AsyncOperation          com.google.android.gms.persistent    W  operation=GetExperimentTokensOperationCall, opStatusCode=29505 [CONTEXT service_id=51 ] (Fix with AI)
                                                                                                    OperationException[Status{statusCode=No config packages for log source, or config package not registered, resolution=null}]
                                                                                                    	at eedh.h(:com.google.android.gms@252635038@25.26.35 (260800-783060121):65)
                                                                                                    	at eedh.f(:com.google.android.gms@252635038@25.26.35 (260800-783060121):17)
                                                                                                    	at cheh.fI(:com.google.android.gms@252635038@25.26.35 (260800-783060121):1)
                                                                                                    	at chel.run(:com.google.android.gms@252635038@25.26.35 (260800-783060121):128)
                                                                                                    	at fyac.run(:com.google.android.gms@252635038@25.26.35 (260800-783060121):21)
                                                                                                    	at azpj.c(:com.google.android.gms@252635038@25.26.35 (260800-783060121):50)
                                                                                                    	at azpj.run(:com.google.android.gms@252635038@25.26.35 (260800-783060121):70)
                                                                                                    	at java.util.concurrent.ThreadPoolExecutor.runWorker(ThreadPoolExecutor.java:1156)
                                                                                                    	at java.util.concurrent.ThreadPoolExecutor$Worker.run(ThreadPoolExecutor.java:651)
                                                                                                    	at azva.run(:com.google.android.gms@252635038@25.26.35 (260800-783060121):8)
                                                                                                    	at java.lang.Thread.run(Thread.java:1119)
2026-04-19 18:38:52.521 27382-27659 boak                    com...oglequicksearchbox:interactor  I  (REDACTED) DelegationStatus: %s
2026-04-19 18:38:52.521 27382-27659 bifu                    com...oglequicksearchbox:interactor  I  (REDACTED) Populated bump behaviors: %s
2026-04-19 18:38:52.522 27382-27659 bigb                    com...oglequicksearchbox:interactor  I  (REDACTED) Client type %s set for %s
2026-04-19 18:38:52.523 27382-27659 bigb                    com...oglequicksearchbox:interactor  I  (REDACTED) Client type %s set for %s
2026-04-19 18:38:52.523 27382-27659 bigb                    com...oglequicksearchbox:interactor  I  (REDACTED) Client type %s set for %s
2026-04-19 18:38:52.572 27382-27600 bxxg                    com...oglequicksearchbox:interactor  I  (REDACTED) getInitialSimplifiedOobeViaDeeplinkUser: %b
2026-04-19 18:38:52.572 27382-27600 bosm                    com...oglequicksearchbox:interactor  I  (REDACTED) isDeeplinkEnabled %s, isInitialSimplifiedOobeViaDeeplinkUser %s
2026-04-19 18:38:52.573 27382-27600 biqq                    com...oglequicksearchbox:interactor  I  User not OptedIn. Skipping Eligibility Checks.
2026-04-19 18:38:52.573 27382-27600 bioy                    com...oglequicksearchbox:interactor  I  Robin is not eligible or not opted-in
2026-04-19 18:38:52.573 27382-27600 bioy                    com...oglequicksearchbox:interactor  I  Headphone voice queries disabled: HEADPHONE_VOICE_QUERIES flag not enabled
2026-04-19 18:38:52.578 28044-28044 AppZygoteInit           com.android.chrome_zygote            I  Beginning application preload for com.android.chrome
2026-04-19 18:38:52.609 27317-27651 ogle.android.as         com.google.android.as                W  AIBinder_linkToDeath is being called with a non-null cookie and no onUnlink callback set. This might not be intended. AIBinder_DeathRecipient_setOnUnlinked should be called first.
2026-04-19 18:38:52.636 27317-27987 AiAiFedAss              com.google.android.as                I  EkhoWriter initialized.
2026-04-19 18:38:52.636 27891-27927 cr_PartnerCustUma       com.android.chrome                   I  Partner Customization delegate: 0.
2026-04-19 18:38:52.636 27891-27927 cr_PartnerCustomize     com.android.chrome                   W  Partner homepage must be HTTP(S) or NewTabPage. Got invalid URL ""
2026-04-19 18:38:52.638 27317-27987 AiAiFedAss              com.google.android.as                I  Loading library dps_soda_pixel_s_jni
2026-04-19 18:38:52.672 28044-28044 d.chrome_zygote         com.android.chrome_zygote            W  Failed to find entry 'classes.dex': Entry not found
2026-04-19 18:38:52.675 27382-27600 bioy                    com...oglequicksearchbox:interactor  I  (REDACTED) Headphone Integration status: %s
2026-04-19 18:38:52.704 27682-27783 TrainerGrp...bleService com.google.android.as.oss            I  Cancelling training succeeded [population=aiai/playstore/smartselect/train/en/address-phone-other-translate, session=smartselect/train/en/address-phone-other-translate]
2026-04-19 18:38:52.704 27682-27783 System.err              com.google.android.as.oss            W  val in interceptor: null
2026-04-19 18:38:52.704 27382-27600 bijr                    com...oglequicksearchbox:interactor  I  (REDACTED) FCF System FeatureName to check: %s
2026-04-19 18:38:52.708 27382-27600 bijr                    com...oglequicksearchbox:interactor  I  (REDACTED) FCF: Device model check status : %s
2026-04-19 18:38:52.718 27382-27551 bijr                    com...oglequicksearchbox:interactor  I  (REDACTED) FCF System FeatureName to check: %s
2026-04-19 18:38:52.718 27382-27551 bijr                    com...oglequicksearchbox:interactor  I  (REDACTED) FCF: Device model check status : %s
2026-04-19 18:38:52.718 27382-27551 bijr                    com...oglequicksearchbox:interactor  I  (REDACTED) FCF System FeatureName to check: %s
2026-04-19 18:38:52.719 27382-27551 bijr                    com...oglequicksearchbox:interactor  I  (REDACTED) FCF: Device model check status : %s
2026-04-19 18:38:52.719 27382-27551 bipp                    com...oglequicksearchbox:interactor  I  (REDACTED) #evaluate: isEnabled = %s failure reasons: %s
2026-04-19 18:38:52.719 27382-27551 bipr                    com...oglequicksearchbox:interactor  I  (REDACTED) #evaluate: isEnabled = %s failure reasons: %s
2026-04-19 18:38:52.719 27382-27551 bijr                    com...oglequicksearchbox:interactor  I  (REDACTED) FCF System FeatureName to check: %s
2026-04-19 18:38:52.720 27382-27551 bijr                    com...oglequicksearchbox:interactor  I  (REDACTED) FCF: Device model check status : %s
2026-04-19 18:38:52.720 27382-27551 biqb                    com...oglequicksearchbox:interactor  I  (REDACTED) #evaluate: isEnabled[ = %s failure reasons: %s
2026-04-19 18:38:52.720 27382-27551 bgxa                    com...oglequicksearchbox:interactor  I  Not connecting: not eligible for ondevice ASR and fulfillment
2026-04-19 18:38:52.727 27382-27796 esfa                    com...oglequicksearchbox:interactor  I  Handing HotwordService connection in executor.
2026-04-19 18:38:52.733 28044-28044 nativeloader            com.android.chrome_zygote            D  Configuring clns-9 for other apk /data/app/~~O40w1Ad7LGdVOKniBvdP7w==/com.google.android.trichromelibrary_694313738-vbwt8l5sDmKlha3pMsbBjg==/TrichromeLibrary.apk. target_sdk_version=34, uses_libraries=ALL, library_path=/data/app/~~EPp7jJ69JeZk_c2iyEKjkg==/com.android.chrome-rEXiDkZtrMEHuRXok77K_Q==/lib/x86_64:/data/app/~~EPp7jJ69JeZk_c2iyEKjkg==/com.android.chrome-rEXiDkZtrMEHuRXok77K_Q==/Chrome.apk!/lib/x86_64:/data/app/~~O40w1Ad7LGdVOKniBvdP7w==/com.google.android.trichromelibrary_694313738-vbwt8l5sDmKlha3pMsbBjg==/TrichromeLibrary.apk!/lib/x86_64, permitted_path=/data:/mnt/expand
2026-04-19 18:38:52.739  1346-1668  SatelliteController     com.android.phone                    D  iisInCarrierRoamingNbIotNtn: satellite is disabled
2026-04-19 18:38:52.745 27382-27658 qtj                     com...oglequicksearchbox:interactor  I  no assistant invocation found, returning 0.
2026-04-19 18:38:52.759 27382-27658 qtj                     com...oglequicksearchbox:interactor  I  no assistant invocation found, returning max duration.
2026-04-19 18:38:52.760 27317-27651 ogle.android.as         com.google.android.as                W  AIBinder_linkToDeath is being called with a non-null cookie and no onUnlink callback set. This might not be intended. AIBinder_DeathRecipient_setOnUnlinked should be called first.
2026-04-19 18:38:52.774 27382-27632 bhuh                    com...oglequicksearchbox:interactor  I  Calling spoken notification onCreate()
2026-04-19 18:38:52.776 27382-27632 bjis                    com...oglequicksearchbox:interactor  I  enableOobeLifecycle flag disabled
2026-04-19 18:38:52.807 27382-27632 bjih                    com...oglequicksearchbox:interactor  I  registerObserver: Add callback of NotificationAnnouncementChecker
2026-04-19 18:38:52.809 27382-27632 biiy                    com...oglequicksearchbox:interactor  I  (REDACTED) #FCF: Assistant primary locale : %s
2026-04-19 18:38:52.809 27382-27632 biiy                    com...oglequicksearchbox:interactor  I  (REDACTED) #FCF: Assistant Primary locale check status : %s
2026-04-19 18:38:52.824 27682-27783 TrainerGrp...bleService com.google.android.as.oss            I  Cancelling training succeeded [population=aiai/playstore/smartselect/train/en/pasted-to-search-or-browser-or-named-entity-apps, session=smartselect/train/en/pasted-to-search-or-browser-or-named-entity-apps]
2026-04-19 18:38:52.825 27682-27783 System.err              com.google.android.as.oss            W  val in interceptor: null
2026-04-19 18:38:52.836 27682-27783 TrainerGrp...bleService com.google.android.as.oss            I  Cancelling training succeeded [population=aiai/playstore/smartselect/train/en/address-phone-other, session=smartselect/train/en/address-phone-other]
2026-04-19 18:38:52.866 27728-27799 WM-PackageManagerHelper com...d.googlequicksearchbox:search  D  Skipping component enablement for androidx.work.impl.background.systemalarm.RescheduleReceiver
2026-04-19 18:38:52.866 27682-27783 System.err              com.google.android.as.oss            W  val in interceptor: null
2026-04-19 18:38:52.871   762-1946  TaskPersister           system_server                        E  File error accessing recents directory (directory doesn't exist?).
2026-04-19 18:38:52.881 27382-27632 efzp                    com...oglequicksearchbox:interactor  I  (REDACTED) Completed '%s' over %s (status='%s').
2026-04-19 18:38:52.882 27382-27632 egkx                    com...oglequicksearchbox:interactor  I  (REDACTED) Invocations routing has changed
                                                                                                    %s
2026-04-19 18:38:52.882 27382-27632 bioe                    com...oglequicksearchbox:interactor  I  (REDACTED) #evaluate: isEnabled = %s failure reasons: %s
2026-04-19 18:38:52.883 27382-27632 blgd                    com...oglequicksearchbox:interactor  I  (REDACTED) #isRobinOnlyLocale checkedLocale:%s language:%s list:%s
2026-04-19 18:38:52.883 27382-27632 bijr                    com...oglequicksearchbox:interactor  I  (REDACTED) FCF System FeatureName to check: %s
2026-04-19 18:38:52.883 27382-27632 bijr                    com...oglequicksearchbox:interactor  I  (REDACTED) FCF: Device model check status : %s
2026-04-19 18:38:52.883 27382-27632 bipp                    com...oglequicksearchbox:interactor  I  (REDACTED) #evaluate: isEnabled = %s failure reasons: %s
2026-04-19 18:38:52.884 27382-27632 bhwr                    com...oglequicksearchbox:interactor  I  (REDACTED) #initialConfig Current Locale set to: %s
2026-04-19 18:38:52.884 27382-27632 bhwr                    com...oglequicksearchbox:interactor  I  (REDACTED) #initialConfig Assistant is currently enabled: %s
2026-04-19 18:38:52.884 27382-27632 bhwr                    com...oglequicksearchbox:interactor  I  (REDACTED) #initialConfig InputModality is currently: %s
2026-04-19 18:38:52.884 27382-27632 bhwr                    com...oglequicksearchbox:interactor  I  (REDACTED) #initialConfig Speed Bump entry points: %s
2026-04-19 18:38:52.885 27382-27632 bhwr                    com...oglequicksearchbox:interactor  I  (REDACTED) #initialConfig Long Press Power Education entrypoints: %s
2026-04-19 18:38:52.885 27382-27632 bhwr                    com...oglequicksearchbox:interactor  I  (REDACTED) #initialConfig Robin entrypoints: %s
2026-04-19 18:38:52.885 27382-27632 bhwr                    com...oglequicksearchbox:interactor  I  (REDACTED) #initialConfig Preferred audio route type: %s
2026-04-19 18:38:52.885 27382-27632 bhwr                    com...oglequicksearchbox:interactor  I  (REDACTED) #initialConfig Earcons to be added: %s
2026-04-19 18:38:52.878  1166-1275  WindowManagerShell      com.android.systemui                 V  Transition animation finished (aborted=false), notifying core (#52) android.os.BinderProxy@ce2d389@0
2026-04-19 18:38:52.887   762-803   WindowManager           system_server                        V  Finish Transition (#52): created at 04-19 18:38:50.943 collect-started=0.033ms request-sent=45.669ms started=51.238ms ready=1329.544ms sent=1348.763ms commit=57.244ms finished=1944.041ms
2026-04-19 18:38:52.893 27382-27632 bhwr                    com...oglequicksearchbox:interactor  I  (REDACTED) #initialConfig Mic occupied behavior: %s
2026-04-19 18:38:52.893 27382-27632 bhwr                    com...oglequicksearchbox:interactor  I  (REDACTED) #initialConfig Headphone voice queries and spoken notifications status: %s
2026-04-19 18:38:52.894 27382-27632 biub                    com...oglequicksearchbox:interactor  I  #SpokenNotif Listening for Robin supported headset connection state changes
2026-04-19 18:38:52.894 27382-27632 biub                    com...oglequicksearchbox:interactor  I  (REDACTED) #SpokenNotif #onStateChange state: %s
2026-04-19 18:38:52.895 27382-27632 bitu                    com...oglequicksearchbox:interactor  I  (REDACTED) #SpokenNotif #FCF updateInternal with changeReason %s [IVR]
2026-04-19 18:38:52.896 27382-27632 bjjh                    com...oglequicksearchbox:interactor  I  (REDACTED) #SpokenNotif #isSupportedDeviceConnected: %s
2026-04-19 18:38:52.896 27382-27632 bito                    com...oglequicksearchbox:interactor  I  (REDACTED) #SpokenNotif #FCF: isSupportedDeviceConnected: %s
2026-04-19 18:38:52.897 27382-27632 bike                    com...oglequicksearchbox:interactor  I  FCF Dnd Checker - isDndNonEnabled
2026-04-19 18:38:52.905  1166-1275  WindowManagerShell      com.android.systemui                 V  Track 0 became idle
2026-04-19 18:38:52.909 27317-28009 AiAiCaptions            com.google.android.as                I  initialize(): check availability of mandatory languages models: [en_US].
2026-04-19 18:38:52.913  1166-1275  WindowManagerShell      com.android.systemui                 V  All active transition animations finished
2026-04-19 18:38:52.946 27682-27783 TrainerGrp...bleService com.google.android.as.oss            I  Cancelling training succeeded [population=aiai/playstore/smartselect/train/en/pasted-to-search-apps, session=smartselect/train/en/pasted-to-search-apps]
2026-04-19 18:38:52.946 27682-27783 System.err              com.google.android.as.oss            W  val in interceptor: null
2026-04-19 18:38:52.946 27682-27783 TrainerGrp...bleService com.google.android.as.oss            I  Cancelling training succeeded [population=aiai/playstore/smartselect/train/en/address-phone-or-selected-in-messaging-apps, session=smartselect/train/en/address-phone-or-selected-in-messaging-apps]
2026-04-19 18:38:52.947 27682-27783 System.err              com.google.android.as.oss            W  val in interceptor: null
2026-04-19 18:38:52.955 27382-27632 bike                    com...oglequicksearchbox:interactor  W  Notification Policy access not granted.
2026-04-19 18:38:52.960 27382-27632 bilg                    com...oglequicksearchbox:interactor  I  (REDACTED) FCF SilentRingerChecker, ringer mode %d
2026-04-19 18:38:52.961 27382-27632 bikg                    com...oglequicksearchbox:interactor  I  FCF NotificationReadAccessEnabledChecker - isNotificationReadAccessEnabled
2026-04-19 18:38:52.966 27325-27435 s.nexuslauncher         com...le.android.apps.nexuslauncher  I  AssetManager2(0x7921f10443b8) locale list changing from [] to [en-US]
2026-04-19 18:38:52.974 27682-27783 TrainerGrp...bleService com.google.android.as.oss            I  Cancelling training succeeded [population=aiai/playstore/smartselect/train/en/pasted-to-translate-apps, session=smartselect/train/en/pasted-to-translate-apps]
2026-04-19 18:38:52.978   762-1680  BestClock               system_server                        W  java.time.DateTimeException: No network time available
2026-04-19 18:38:52.981   762-1680  BestClock               system_server                        W  java.time.DateTimeException: No network time available
2026-04-19 18:38:52.984   762-1680  BestClock               system_server                        W  java.time.DateTimeException: No network time available
2026-04-19 18:38:52.987 27382-27632 bijr                    com...oglequicksearchbox:interactor  I  (REDACTED) FCF System FeatureName to check: %s
2026-04-19 18:38:52.974 27682-27783 System.err              com.google.android.as.oss            W  val in interceptor: null
2026-04-19 18:38:52.991 27682-27783 TrainerGrp...bleService com.google.android.as.oss            I  Cancelling training succeeded [population=aiai/playstore/smartselect/train/en/address-phone-or-pasted-to-non-messaging-apps, session=smartselect/train/en/address-phone-or-pasted-to-non-messaging-apps]
2026-04-19 18:38:52.991 27682-27783 System.err              com.google.android.as.oss            W  val in interceptor: null
2026-04-19 18:38:52.992 27682-27783 TrainerGrp...bleService com.google.android.as.oss            I  Cancelling training succeeded [population=aiai/playstore/smartselect/train/en/all-non-url-email-cut, session=smartselect/train/en/all-non-url-email-cut]
2026-04-19 18:38:52.992 27682-27783 System.err              com.google.android.as.oss            W  val in interceptor: null
2026-04-19 18:38:52.992 27682-27783 TrainerGrp...bleService com.google.android.as.oss            I  Cancelling training succeeded [population=aiai/playstore/smartselect/train/en/address-or-pasted-to-shopping-apps, session=smartselect/train/en/address-or-pasted-to-shopping-apps]
2026-04-19 18:38:52.995 27382-27632 bijr                    com...oglequicksearchbox:interactor  I  (REDACTED) FCF: Device model check status : %s
2026-04-19 18:38:52.997 27382-27632 bijr                    com...oglequicksearchbox:interactor  I  (REDACTED) FCF System FeatureName to check: %s
2026-04-19 18:38:52.998 27382-27632 bijr                    com...oglequicksearchbox:interactor  I  (REDACTED) FCF: Device model check status : %s
2026-04-19 18:38:52.998 27382-27632 bijr                    com...oglequicksearchbox:interactor  I  (REDACTED) FCF System FeatureName to check: %s
2026-04-19 18:38:52.998 27382-27632 bijr                    com...oglequicksearchbox:interactor  I  (REDACTED) FCF: Device model check status : %s
2026-04-19 18:38:52.998 27382-27632 bijr                    com...oglequicksearchbox:interactor  I  (REDACTED) FCF System FeatureName to check: %s
2026-04-19 18:38:53.001 27891-27891 chromium                com.android.chrome                   I  [INFO:chrome_browser_cloud_management_controller.cc(273)] Deferring CBCM Controller Initialization until it is unblocked.
2026-04-19 18:38:53.018 21827-21875 .gms.persistent         com.google.android.gms.persistent    I  AssetManager2(0x7921f1041e38) locale list changing from [] to [en-US]
2026-04-19 18:38:53.019 27682-27783 System.err              com.google.android.as.oss            W  val in interceptor: null
2026-04-19 18:38:53.021 27317-27651 Manager                 com.google.android.as                I  Found interface nnapi-sample_all (version = JUST_AN_EXAMPLE)
2026-04-19 18:38:53.027 27317-27651 Manager                 com.google.android.as                I  Found interface nnapi-sample_quant (version = JUST_AN_EXAMPLE)
2026-04-19 18:38:53.022 27682-27783 TrainerGrp...bleService com.google.android.as.oss            I  Cancelling training succeeded [population=aiai/playstore/smartselect/train/en/all-non-translate, session=smartselect/train/en/all-non-translate]
2026-04-19 18:38:53.032 27682-27783 System.err              com.google.android.as.oss            W  val in interceptor: null
2026-04-19 18:38:53.037 27317-27651 Manager                 com.google.android.as                I  Found interface nnapi-sample_sl_shim (version = JUST_AN_EXAMPLE)
2026-04-19 18:38:53.038 27682-27783 TrainerGrp...bleService com.google.android.as.oss            I  Cancelling training succeeded [population=aiai/playstore/smartselect/train/en/all-pasted-to-none-messaging-apps, session=smartselect/train/en/all-pasted-to-none-messaging-apps]
2026-04-19 18:38:53.041 27682-27783 System.err              com.google.android.as.oss            W  val in interceptor: null
2026-04-19 18:38:53.042 27682-27783 TrainerGrp...bleService com.google.android.as.oss            I  Cancelling training succeeded [population=aiai/playstore/smartselect/train/en/address-phone-otp, session=smartselect/train/en/address-phone-otp]
2026-04-19 18:38:53.047 27682-27783 System.err              com.google.android.as.oss            W  val in interceptor: null
2026-04-19 18:38:53.054 27682-27783 TrainerGrp...bleService com.google.android.as.oss            I  Cancelling training succeeded [population=aiai/playstore/smartselect/train/en/pasted-to-search-or-browser-apps, session=smartselect/train/en/pasted-to-search-or-browser-apps]
2026-04-19 18:38:53.054 27682-27783 System.err              com.google.android.as.oss            W  val in interceptor: null
2026-04-19 18:38:53.055 27682-27783 TrainerGrp...bleService com.google.android.as.oss            I  Cancelling training succeeded [population=aiai/playstore/smartselect/train/en/all-pasted-to-apps, session=smartselect/train/en/all-pasted-to-apps]
2026-04-19 18:38:53.055 27682-27783 System.err              com.google.android.as.oss            W  val in interceptor: null
2026-04-19 18:38:53.055 27682-27783 TrainerGrp...bleService com.google.android.as.oss            I  Cancelling training succeeded [population=aiai/playstore/smartselect/train/all/all_nonsentences, session=smartselect/train/all/all_nonsentences]
2026-04-19 18:38:53.055 27682-27783 System.err              com.google.android.as.oss            W  val in interceptor: null
2026-04-19 18:38:53.055 27682-27783 TrainerGrp...bleService com.google.android.as.oss            I  Cancelling training succeeded [population=aiai/playstore/smartselect/train/en/pasted-to-named-entity-apps, session=smartselect/train/en/pasted-to-named-entity-apps]
2026-04-19 18:38:53.055 27682-27783 System.err              com.google.android.as.oss            W  val in interceptor: null
2026-04-19 18:38:53.056 28018-28018 es.vlessvpn.app         com.musicses.vlessvpn.app            W  Redefining intrinsic method java.lang.Thread java.lang.Thread.currentThread(). This may cause the unexpected use of the original definition of java.lang.Thread java.lang.Thread.currentThread()in methods that have already been compiled.
2026-04-19 18:38:53.056 28018-28018 es.vlessvpn.app         com.musicses.vlessvpn.app            W  Redefining intrinsic method boolean java.lang.Thread.interrupted(). This may cause the unexpected use of the original definition of boolean java.lang.Thread.interrupted()in methods that have already been compiled.
2026-04-19 18:38:53.071 27891-28064 PlayCore                com.android.chrome                   I  UID: [10149]  PID: [27891] AppUpdateService : requestUpdateInfo(com.android.chrome)
2026-04-19 18:38:52.998 27382-27632 bijr                    com...oglequicksearchbox:interactor  I  (REDACTED) FCF: Device model check status : %s
2026-04-19 18:38:53.073 27382-27632 bxxg                    com...oglequicksearchbox:interactor  I  (REDACTED) getInitialSimplifiedOobeViaDeeplinkUser: %b
2026-04-19 18:38:53.073 27382-27632 bosm                    com...oglequicksearchbox:interactor  I  (REDACTED) isDeeplinkEnabled %s, isInitialSimplifiedOobeViaDeeplinkUser %s
2026-04-19 18:38:53.073 27382-27632 biqq                    com...oglequicksearchbox:interactor  I  User not OptedIn. Skipping Eligibility Checks.
2026-04-19 18:38:53.079 27382-27600 ehcz                    com...oglequicksearchbox:interactor  I  (REDACTED) Initializing managed lifecycle(%s)
2026-04-19 18:38:53.079 27382-27600 ehcz                    com...oglequicksearchbox:interactor  I  (REDACTED) Initializing managed lifecycle(%s)
2026-04-19 18:38:53.079 27382-27600 bhzv                    com...oglequicksearchbox:interactor  I  #registerBistoDevicesAvailabilityListener
2026-04-19 18:38:53.080 27382-27659 bxxg                    com...oglequicksearchbox:interactor  I  (REDACTED) getInitialSimplifiedOobeViaDeeplinkUser: %b
2026-04-19 18:38:53.080 27382-27659 bosm                    com...oglequicksearchbox:interactor  I  (REDACTED) isDeeplinkEnabled %s, isInitialSimplifiedOobeViaDeeplinkUser %s
2026-04-19 18:38:53.089   762-2246  Grammatica...ctionUtils system_server                        V  AttributionSource: android.content.AttributionSource@d6b9b1d4 does not have READ_SYSTEM_GRAMMATICAL_GENDER permission.
2026-04-19 18:38:53.095 27317-27669 TrainerClient           com.google.android.as                I  Preparing to schedule training for population:aiai/playstore/contentcapture session_name:contentcapture
2026-04-19 18:38:53.099 27682-27783 TrainerGrp...bleService com.google.android.as.oss            I  Cancelling training succeeded [population=aiai/playstore/smartselect/train/en/address, session=smartselect/train/en/address]
2026-04-19 18:38:53.104 27682-27783 System.err              com.google.android.as.oss            W  val in interceptor: null
2026-04-19 18:38:53.105 27382-27632 bmtt                    com...oglequicksearchbox:interactor  I  (REDACTED) #maybeUpdateGeminiOnLockscreenSetting fallback to v0, persist=%s
2026-04-19 18:38:53.110 27317-28098 tflite                  com.google.android.as                I  Initialized TensorFlow Lite runtime.
2026-04-19 18:38:53.110 27382-27632 bike                    com...oglequicksearchbox:interactor  I  FCF Dnd Checker - isDndNonEnabled
2026-04-19 18:38:53.113 27682-27783 TrainerGrp...bleService com.google.android.as.oss            I  Cancelling training succeeded [population=aiai/playstore/smartselect/train/en/address-phone-or-selected-in-non-messaging-apps, session=smartselect/train/en/address-phone-or-selected-in-non-messaging-apps]
2026-04-19 18:38:53.126 27891-28100 PlayCore                com.android.chrome                   I  UID: [10149]  PID: [27891] AppUpdateService : Initiate binding to the service.
2026-04-19 18:38:53.127 27382-27600 bjjh                    com...oglequicksearchbox:interactor  I  (REDACTED) #SpokenNotif #isSupportedDeviceConnected: %s
2026-04-19 18:38:53.127 27382-27600 bito                    com...oglequicksearchbox:interactor  I  (REDACTED) #SpokenNotif #FCF: isSupportedDeviceConnected: %s
2026-04-19 18:38:53.131 27382-27632 bike                    com...oglequicksearchbox:interactor  W  Notification Policy access not granted.
2026-04-19 18:38:53.131 27382-27632 bijk                    com...oglequicksearchbox:interactor  I  (REDACTED) #FCF: Notification Announcement enabled: %s
2026-04-19 18:38:53.131 27382-27632 bikg                    com...oglequicksearchbox:interactor  I  FCF NotificationReadAccessEnabledChecker - isNotificationReadAccessEnabled
2026-04-19 18:38:53.135 27382-27632 bijr                    com...oglequicksearchbox:interactor  I  (REDACTED) FCF System FeatureName to check: %s
2026-04-19 18:38:53.136 27382-27632 bijr                    com...oglequicksearchbox:interactor  I  (REDACTED) FCF: Device model check status : %s
2026-04-19 18:38:53.137 27382-27632 bxxg                    com...oglequicksearchbox:interactor  I  (REDACTED) getInitialSimplifiedOobeViaDeeplinkUser: %b
2026-04-19 18:38:53.137 27382-27632 bosm                    com...oglequicksearchbox:interactor  I  (REDACTED) isDeeplinkEnabled %s, isInitialSimplifiedOobeViaDeeplinkUser %s
2026-04-19 18:38:53.137 27382-27632 biqq                    com...oglequicksearchbox:interactor  I  User not OptedIn. Skipping Eligibility Checks.
2026-04-19 18:38:53.137 27382-27632 bioy                    com...oglequicksearchbox:interactor  I  Robin is not eligible or not opted-in
2026-04-19 18:38:53.137 27382-27632 bioy                    com...oglequicksearchbox:interactor  I  Headphone voice queries disabled: HEADPHONE_VOICE_QUERIES flag not enabled
2026-04-19 18:38:53.138 27382-27632 bioy                    com...oglequicksearchbox:interactor  I  (REDACTED) Headphone Integration status: %s
2026-04-19 18:38:53.139 28044-28044 nativeloader            com.android.chrome_zygote            D  Configuring clns-10 for other apk /data/app/~~EPp7jJ69JeZk_c2iyEKjkg==/com.android.chrome-rEXiDkZtrMEHuRXok77K_Q==/Chrome.apk. target_sdk_version=34, uses_libraries=, library_path=/data/app/~~EPp7jJ69JeZk_c2iyEKjkg==/com.android.chrome-rEXiDkZtrMEHuRXok77K_Q==/lib/x86_64:/data/app/~~EPp7jJ69JeZk_c2iyEKjkg==/com.android.chrome-rEXiDkZtrMEHuRXok77K_Q==/Chrome.apk!/lib/x86_64:/data/app/~~O40w1Ad7LGdVOKniBvdP7w==/com.google.android.trichromelibrary_694313738-vbwt8l5sDmKlha3pMsbBjg==/TrichromeLibrary.apk!/lib/x86_64, permitted_path=/data:/mnt/expand
2026-04-19 18:38:53.145 28044-28044 cr_ZygotePreload        com.android.chrome_zygote            I  version=133.0.6943.137 (694313738) minSdkVersion=29 isBundle=false
2026-04-19 18:38:53.151 27382-27632 bmtt                    com...oglequicksearchbox:interactor  I  (REDACTED) #maybeUpdateGeminiOnLockscreenSetting fallback to v0, persist=%s
2026-04-19 18:38:53.160 28044-28044 nativeloader            com.android.chrome_zygote            D  Load /data/app/~~EPp7jJ69JeZk_c2iyEKjkg==/com.android.chrome-rEXiDkZtrMEHuRXok77K_Q==/Chrome.apk!/lib/x86_64/libchromium_android_linker.so using class loader ns clns-10 (caller=/data/app/~~EPp7jJ69JeZk_c2iyEKjkg==/com.android.chrome-rEXiDkZtrMEHuRXok77K_Q==/Chrome.apk): ok
2026-04-19 18:38:53.162 28044-28044 cr_LibraryLoader        com.android.chrome_zygote            I  Loading monochrome_64 from within /data/app/~~EPp7jJ69JeZk_c2iyEKjkg==/com.android.chrome-rEXiDkZtrMEHuRXok77K_Q==/Chrome.apk
2026-04-19 18:38:53.162 28044-28044 cr_Linker               com.android.chrome_zygote            I  loadLibraryImplLocked: monochrome_64, relroMode=1
2026-04-19 18:38:53.170 27382-27600 bilg                    com...oglequicksearchbox:interactor  I  (REDACTED) FCF SilentRingerChecker, ringer mode %d
2026-04-19 18:38:53.171 27382-27600 boak                    com...oglequicksearchbox:interactor  I  (REDACTED) DelegationStatus: %s
2026-04-19 18:38:53.185 27325-27435 s.nexuslauncher         com...le.android.apps.nexuslauncher  I  AssetManager2(0x7921f1043d78) locale list changing from [] to [en-US]
2026-04-19 18:38:53.187 27682-27851 System.err              com.google.android.as.oss            W  Seeding context with ref: 112095867
2026-04-19 18:38:53.188 27682-27851 FederatedT...gScheduler com.google.android.as.oss            I  Cancelling training for population:aiai/playstore/contentcapture session_name:contentcapture
2026-04-19 18:38:53.211 27382-27632 bijk                    com...oglequicksearchbox:interactor  I  (REDACTED) #FCF: Notification Announcement enabled: %s
2026-04-19 18:38:53.215 27382-27632 bxxg                    com...oglequicksearchbox:interactor  I  (REDACTED) getInitialSimplifiedOobeViaDeeplinkUser: %b
2026-04-19 18:38:53.218 27382-27632 bosm                    com...oglequicksearchbox:interactor  I  (REDACTED) isDeeplinkEnabled %s, isInitialSimplifiedOobeViaDeeplinkUser %s
2026-04-19 18:38:53.218 27382-27632 biqq                    com...oglequicksearchbox:interactor  I  User not OptedIn. Skipping Eligibility Checks.
2026-04-19 18:38:53.219 27382-27632 bioy                    com...oglequicksearchbox:interactor  I  Robin is not eligible or not opted-in
2026-04-19 18:38:53.219 27382-27632 bioy                    com...oglequicksearchbox:interactor  I  Headphone voice queries disabled: HEADPHONE_VOICE_QUERIES flag not enabled
2026-04-19 18:38:53.219 27382-27632 bioy                    com...oglequicksearchbox:interactor  I  (REDACTED) Headphone Integration status: %s
2026-04-19 18:38:53.221 27382-27632 biji                    com...oglequicksearchbox:interactor  I  (REDACTED) #FCF: Gemini on Lockscreen enabled: %s
2026-04-19 18:38:53.221 27382-27632 biji                    com...oglequicksearchbox:interactor  I  (REDACTED) #FCF: Gemini on Lockscreen enabled: %s
2026-04-19 18:38:53.232   762-3076  Grammatica...ctionUtils system_server                        V  AttributionSource: android.content.AttributionSource@40862856 does not have READ_SYSTEM_GRAMMATICAL_GENDER permission.
2026-04-19 18:38:53.241 27682-27783 System.err              com.google.android.as.oss            W  val in interceptor: null
2026-04-19 18:38:53.245 27682-27783 TrainerGrp...bleService com.google.android.as.oss            I  Cancelling training succeeded [population=aiai/playstore/smartselect/train/all/all, session=smartselect/train/all/all]
2026-04-19 18:38:53.245 27682-27783 System.err              com.google.android.as.oss            W  val in interceptor: null
2026-04-19 18:38:53.250 27682-27783 TrainerGrp...bleService com.google.android.as.oss            I  Cancelling training succeeded [population=aiai/playstore/smartselect/train/en/phone-or-pasted-to-dialer-apps, session=smartselect/train/en/phone-or-pasted-to-dialer-apps]
2026-04-19 18:38:53.250 27682-27783 System.err              com.google.android.as.oss            W  val in interceptor: null
2026-04-19 18:38:53.252 28044-28044 nativeloader            com.android.chrome_zygote            D  Load /data/app/~~O40w1Ad7LGdVOKniBvdP7w==/com.google.android.trichromelibrary_694313738-vbwt8l5sDmKlha3pMsbBjg==/TrichromeLibrary.apk!/lib/x86_64/libmonochrome_64.so using class loader ns clns-10 (caller=/data/app/~~EPp7jJ69JeZk_c2iyEKjkg==/com.android.chrome-rEXiDkZtrMEHuRXok77K_Q==/Chrome.apk): ok
2026-04-19 18:38:53.253   762-815   AppZygote               system_server                        I  Application preload done.
2026-04-19 18:38:53.254 28044-28044 AppZygoteInit           com.android.chrome_zygote            I  Application preload done
2026-04-19 18:38:53.259   762-1095  Background...rolService system_server                        D  Package event received: 0
2026-04-19 18:38:53.259   762-1095  Background...rolService system_server                        D  Package event received: 0
2026-04-19 18:38:53.262 27682-27783 TrainerGrp...bleService com.google.android.as.oss            I  Cancelling training succeeded [population=aiai/playstore/smartselect/train/en/address-or-pasted-to-map-or-shopping-apps, session=smartselect/train/en/address-or-pasted-to-map-or-shopping-apps]
2026-04-19 18:38:53.263 27382-27632 bitu                    com...oglequicksearchbox:interactor  I  (REDACTED) #SpokenNotif #FCF evaluate: %s
2026-04-19 18:38:53.264 27382-27632 biot                    com...oglequicksearchbox:interactor  I  Failure Reasons:
2026-04-19 18:38:53.264 27382-27632 biot                    com...oglequicksearchbox:interactor  I  SPOKEN_NOTIFICATIONS_SUPPORTED_HEADSET_NOT_CONNECTED
2026-04-19 18:38:53.264 27382-27632 biot                    com...oglequicksearchbox:interactor  I  DND_FILTER_STATE_UNRECOGNIZED
2026-04-19 18:38:53.264 27382-27632 biot                    com...oglequicksearchbox:interactor  I  NOTIFICATION_ANNOUNCEMENT_SETTINGS_DISABLED
2026-04-19 18:38:53.265 27382-27632 biot                    com...oglequicksearchbox:interactor  I  NOTIFICATION_READ_ACCESS_DISABLED
2026-04-19 18:38:53.265 27382-27632 biot                    com...oglequicksearchbox:interactor  I  HEADPHONE_VOICE_QUERIES_FLAG_NOT_ENABLED
2026-04-19 18:38:53.265 27382-27632 bitu                    com...oglequicksearchbox:interactor  I  (REDACTED) NotificationAnnouncementChecker#evaluateInternal completed in %s millis
2026-04-19 18:38:53.266 27891-27891 cr_SmsProviderGms       com.android.chrome                   I  construction successfull PX3@6e5a0ee, MX3@ce2398f
2026-04-19 18:38:53.268 27382-27632 egtg                    com...oglequicksearchbox:interactor  I  (REDACTED) Platform configuration for connection(%s) has changed(@%s):%s
2026-04-19 18:38:53.269 27382-27632 egqw                    com...oglequicksearchbox:interactor  I  (REDACTED) On platform configuration update(@%s) in connection(%s).
2026-04-19 18:38:53.269 27382-27632 ehcz                    com...oglequicksearchbox:interactor  I  (REDACTED) Initializing managed lifecycle(%s)
2026-04-19 18:38:53.269 27382-27632 bjih                    com...oglequicksearchbox:interactor  I  (REDACTED) evaluateNotificationAnnouncementCheckerConditions: %s
2026-04-19 18:38:53.273 27382-27632 bjih                    com...oglequicksearchbox:interactor  I  (REDACTED) evaluateNotificationAnnouncementCheckerConditions: %s
2026-04-19 18:38:53.262 27682-27783 System.err              com.google.android.as.oss            W  val in interceptor: null
2026-04-19 18:38:53.274 27682-27783 TrainerGrp...bleService com.google.android.as.oss            I  Cancelling training succeeded [population=aiai/playstore/smartselect/train/en/address-otp, session=smartselect/train/en/address-otp]
2026-04-19 18:38:53.276 27382-27632 bjih                    com...oglequicksearchbox:interactor  I  SpokenNotifications conditions are not satisfied, not registering observer
2026-04-19 18:38:53.282 27382-27600 bitu                    com...oglequicksearchbox:interactor  I  (REDACTED) #SpokenNotif #FCF evaluate: %s
2026-04-19 18:38:53.282 27382-27600 biot                    com...oglequicksearchbox:interactor  I  Failure Reasons:
2026-04-19 18:38:53.282 27382-27600 biot                    com...oglequicksearchbox:interactor  I  SPOKEN_NOTIFICATIONS_SUPPORTED_HEADSET_NOT_CONNECTED
2026-04-19 18:38:53.282 27382-27600 biot                    com...oglequicksearchbox:interactor  I  DND_FILTER_STATE_UNRECOGNIZED
2026-04-19 18:38:53.283 27382-27600 biot                    com...oglequicksearchbox:interactor  I  NOTIFICATION_ANNOUNCEMENT_SETTINGS_DISABLED
2026-04-19 18:38:53.283 27382-27600 biot                    com...oglequicksearchbox:interactor  I  NOTIFICATION_READ_ACCESS_DISABLED
2026-04-19 18:38:53.283 27382-27600 biot                    com...oglequicksearchbox:interactor  I  HEADPHONE_VOICE_QUERIES_FLAG_NOT_ENABLED
2026-04-19 18:38:53.283 27382-27600 bitu                    com...oglequicksearchbox:interactor  I  (REDACTED) NotificationAnnouncementChecker#evaluateInternal completed in %s millis
2026-04-19 18:38:53.283 27382-27600 bjih                    com...oglequicksearchbox:interactor  I  (REDACTED) SpokenNotifications status updated: %s
2026-04-19 18:38:53.283 27382-27600 bjih                    com...oglequicksearchbox:interactor  I  SpokenNotifications conditions are not satisfied, calling #unregisterNotificationListener
2026-04-19 18:38:53.284 27382-27600 bjih                    com...oglequicksearchbox:interactor  I  Unregistering the notification listener
2026-04-19 18:38:53.284 27382-27600 ejuz                    com...oglequicksearchbox:interactor  I  #SpokenNotif #unregisterAutoReadNotificationListener()
2026-04-19 18:38:53.294 27682-27783 System.err              com.google.android.as.oss            W  val in interceptor: null
2026-04-19 18:38:53.298   762-1095  Background...rolService system_server                        D  Package event received: 0
